  姝ｅ湪纭畾瑕佽繕鍘熺殑椤圭洰鈥?
  鏃犲彲鎵ц鎿嶄綔銆傛寚瀹氱殑椤圭洰鍧囦笉鍖呭惈鍙繕鍘熺殑鍖呫€?
C:\Users\lijinlong\Documents\dev-projects\repos\CompensationSystemSubInterface\CompensationSystemSubInterface\WpfFilterPanel.xaml.cs(20,13): error CS0103: 褰撳墠涓婁笅鏂囦腑涓嶅瓨鍦ㄥ悕绉扳€淚nitializeComponent鈥?[C:\Users\lijinlong\Documents\dev-projects\repos\CompensationSystemSubInterface\CompensationSystemSubInterface\CompensationSystemSubInterface.csproj]
C:\Users\lijinlong\Documents\dev-projects\repos\CompensationSystemSubInterface\CompensationSystemSubInterface\WpfEmpMaint.xaml.cs(51,13): error CS0103: 褰撳墠涓婁笅鏂囦腑涓嶅瓨鍦ㄥ悕绉扳€淚nitializeComponent鈥?[C:\Users\lijinlong\Documents\dev-projects\repos\CompensationSystemSubInterface\CompensationSystemSubInterface\CompensationSystemSubInterface.csproj]
C:\Users\lijinlong\Documents\dev-projects\repos\CompensationSystemSubInterface\CompensationSystemSubInterface\WpfSalaryCondition.xaml.cs(52,13): error CS0103: 褰撳墠涓婁笅鏂囦腑涓嶅瓨鍦ㄥ悕绉扳€淚nitializeComponent鈥?[C:\Users\lijinlong\Documents\dev-projects\repos\CompensationSystemSubInterface\CompensationSystemSubInterface\CompensationSystemSubInterface.csproj]
C:\Users\lijinlong\Documents\dev-projects\repos\CompensationSystemSubInterface\CompensationSystemSubInterface\WpfSalaryCondition.xaml.cs(67,13): error CS0103: 褰撳墠涓婁笅鏂囦腑涓嶅瓨鍦ㄥ悕绉扳€渢reeConditions鈥?[C:\Users\lijinlong\Documents\dev-projects\repos\CompensationSystemSubInterface\CompensationSystemSubInterface\CompensationSystemSubInterface.csproj]
C:\Users\lijinlong\Documents\dev-projects\repos\CompensationSystemSubInterface\CompensationSystemSubInterface\WpfEmployeeCondition.xaml.cs(47,13): error CS0103: 褰撳墠涓婁笅鏂囦腑涓嶅瓨鍦ㄥ悕绉扳€淚nitializeComponent鈥?[C:\Users\lijinlong\Documents\dev-projects\repos\CompensationSystemSubInterface\CompensationSystemSubInterface\CompensationSystemSubInterface.csproj]
C:\Users\lijinlong\Documents\dev-projects\repos\CompensationSystemSubInterface\CompensationSystemSubInterface\WpfEmployeeCondition.xaml.cs(57,13): error CS0103: 褰撳墠涓婁笅鏂囦腑涓嶅瓨鍦ㄥ悕绉扳€渢reeConditions鈥?[C:\Users\lijinlong\Documents\dev-projects\repos\CompensationSystemSubInterface\CompensationSystemSubInterface\CompensationSystemSubInterface.csproj]
C:\Users\lijinlong\Documents\dev-projects\repos\CompensationSystemSubInterface\CompensationSystemSubInterface\Utilities\ExcelHelper.cs(200,32): warning CS0168: 澹版槑浜嗗彉閲忊€渆x鈥濓紝浣嗕粠鏈娇鐢ㄨ繃 [C:\Users\lijinlong\Documents\dev-projects\repos\CompensationSystemSubInterface\CompensationSystemSubInterface\CompensationSystemSubInterface.csproj]
C:\Users\lijinlong\Documents\dev-projects\repos\CompensationSystemSubInterface\CompensationSystemSubInterface\WpfEmpCg.xaml.cs(46,13): error CS0103: 褰撳墠涓婁笅鏂囦腑涓嶅瓨鍦ㄥ悕绉扳€淚nitializeComponent鈥?[C:\Users\lijinlong\Documents\dev-projects\repos\CompensationSystemSubInterface\CompensationSystemSubInterface\CompensationSystemSubInterface.csproj]
C:\Users\lijinlong\Documents\dev-projects\repos\CompensationSystemSubInterface\CompensationSystemSubInterface\WpfEmpCg.xaml.cs(50,13): error CS0103: 褰撳墠涓婁笅鏂囦腑涓嶅瓨鍦ㄥ悕绉扳€渃bChangeType鈥?[C:\Users\lijinlong\Documents\dev-projects\repos\CompensationSystemSubInterface\CompensationSystemSubInterface\CompensationSystemSubInterface.csproj]
C:\Users\lijinlong\Documents\dev-projects\repos\CompensationSystemSubInterface\CompensationSystemSubInterface\WpfEmpCg.xaml.cs(51,13): error CS0103: 褰撳墠涓婁笅鏂囦腑涓嶅瓨鍦ㄥ悕绉扳€渂tnSave鈥?[C:\Users\lijinlong\Documents\dev-projects\repos\CompensationSystemSubInterface\CompensationSystemSubInterface\CompensationSystemSubInterface.csproj]
C:\Users\lijinlong\Documents\dev-projects\repos\CompensationSystemSubInterface\CompensationSystemSubInterface\WpfEmpCg.xaml.cs(52,13): error CS0103: 褰撳墠涓婁笅鏂囦腑涓嶅瓨鍦ㄥ悕绉扳€渂tnCancel鈥?[C:\Users\lijinlong\Documents\dev-projects\repos\CompensationSystemSubInterface\CompensationSystemSubInterface\CompensationSystemSubInterface.csproj]
C:\Users\lijinlong\Documents\dev-projects\repos\CompensationSystemSubInterface\CompensationSystemSubInterface\WpfFilterPanel.xaml.cs(123,13): error CS0103: 褰撳墠涓婁笅鏂囦腑涓嶅瓨鍦ㄥ悕绉扳€渢reeMain鈥?[C:\Users\lijinlong\Documents\dev-projects\repos\CompensationSystemSubInterface\CompensationSystemSubInterface\CompensationSystemSubInterface.csproj]
C:\Users\lijinlong\Documents\dev-projects\repos\CompensationSystemSubInterface\CompensationSystemSubInterface\WpfEmpMaint.xaml.cs(71,13): error CS0103: 褰撳墠涓婁笅鏂囦腑涓嶅瓨鍦ㄥ悕绉扳€渃bGender鈥?[C:\Users\lijinlong\Documents\dev-projects\repos\CompensationSystemSubInterface\CompensationSystemSubInterface\CompensationSystemSubInterface.csproj]
C:\Users\lijinlong\Documents\dev-projects\repos\CompensationSystemSubInterface\CompensationSystemSubInterface\WpfEmpMaint.xaml.cs(76,17): error CS0103: 褰撳墠涓婁笅鏂囦腑涓嶅瓨鍦ㄥ悕绉扳€渃bSequence鈥?[C:\Users\lijinlong\Documents\dev-projects\repos\CompensationSystemSubInterface\CompensationSystemSubInterface\CompensationSystemSubInterface.csproj]
C:\Users\lijinlong\Documents\dev-projects\repos\CompensationSystemSubInterface\CompensationSystemSubInterface\WpfEmpMaint.xaml.cs(77,17): error CS0103: 褰撳墠涓婁笅鏂囦腑涓嶅瓨鍦ㄥ悕绉扳€渃bSequence鈥?[C:\Users\lijinlong\Documents\dev-projects\repos\CompensationSystemSubInterface\CompensationSystemSubInterface\CompensationSystemSubInterface.csproj]
C:\Users\lijinlong\Documents\dev-projects\repos\CompensationSystemSubInterface\CompensationSystemSubInterface\WpfEmpMaint.xaml.cs(77,56): error CS0103: 褰撳墠涓婁笅鏂囦腑涓嶅瓨鍦ㄥ悕绉扳€渃bSequence鈥?[C:\Users\lijinlong\Documents\dev-projects\repos\CompensationSystemSubInterface\CompensationSystemSubInterface\CompensationSystemSubInterface.csproj]
C:\Users\lijinlong\Documents\dev-projects\repos\CompensationSystemSubInterface\CompensationSystemSubInterface\WpfEmpMaint.xaml.cs(79,17): error CS0103: 褰撳墠涓婁笅鏂囦腑涓嶅瓨鍦ㄥ悕绉扳€渃bJob鈥?[C:\Users\lijinlong\Documents\dev-projects\repos\CompensationSystemSubInterface\CompensationSystemSubInterface\CompensationSystemSubInterface.csproj]
C:\Users\lijinlong\Documents\dev-projects\repos\CompensationSystemSubInterface\CompensationSystemSubInterface\WpfEmpMaint.xaml.cs(80,17): error CS0103: 褰撳墠涓婁笅鏂囦腑涓嶅瓨鍦ㄥ悕绉扳€渃bJob鈥?[C:\Users\lijinlong\Documents\dev-projects\repos\CompensationSystemSubInterface\CompensationSystemSubInterface\CompensationSystemSubInterface.csproj]
C:\Users\lijinlong\Documents\dev-projects\repos\CompensationSystemSubInterface\CompensationSystemSubInterface\WpfEmpMaint.xaml.cs(80,51): error CS0103: 褰撳墠涓婁笅鏂囦腑涓嶅瓨鍦ㄥ悕绉扳€渃bJob鈥?[C:\Users\lijinlong\Documents\dev-projects\repos\CompensationSystemSubInterface\CompensationSystemSubInterface\CompensationSystemSubInterface.csproj]
C:\Users\lijinlong\Documents\dev-projects\repos\CompensationSystemSubInterface\CompensationSystemSubInterface\WpfEmpMaint.xaml.cs(82,17): error CS0103: 褰撳墠涓婁笅鏂囦腑涓嶅瓨鍦ㄥ悕绉扳€渃bLevel鈥?[C:\Users\lijinlong\Documents\dev-projects\repos\CompensationSystemSubInterface\CompensationSystemSubInterface\CompensationSystemSubInterface.csproj]
C:\Users\lijinlong\Documents\dev-projects\repos\CompensationSystemSubInterface\CompensationSystemSubInterface\WpfEmpMaint.xaml.cs(83,17): error CS0103: 褰撳墠涓婁笅鏂囦腑涓嶅瓨鍦ㄥ悕绉扳€渃bLevel鈥?[C:\Users\lijinlong\Documents\dev-projects\repos\CompensationSystemSubInterface\CompensationSystemSubInterface\CompensationSystemSubInterface.csproj]
C:\Users\lijinlong\Documents\dev-projects\repos\CompensationSystemSubInterface\CompensationSystemSubInterface\WpfEmpMaint.xaml.cs(83,53): error CS0103: 褰撳墠涓婁笅鏂囦腑涓嶅瓨鍦ㄥ悕绉扳€渃bLevel鈥?[C:\Users\lijinlong\Documents\dev-projects\repos\CompensationSystemSubInterface\CompensationSystemSubInterface\CompensationSystemSubInterface.csproj]
C:\Users\lijinlong\Documents\dev-projects\repos\CompensationSystemSubInterface\CompensationSystemSubInterface\WpfEmployeeCondition.xaml.cs(90,37): error CS0103: 褰撳墠涓婁笅鏂囦腑涓嶅瓨鍦ㄥ悕绉扳€渢xtSearchEmp鈥?[C:\Users\lijinlong\Documents\dev-projects\repos\CompensationSystemSubInterface\CompensationSystemSubInterface\CompensationSystemSubInterface.csproj]
C:\Users\lijinlong\Documents\dev-projects\repos\CompensationSystemSubInterface\CompensationSystemSubInterface\WpfSalaryCondition.xaml.cs(125,37): error CS0103: 褰撳墠涓婁笅鏂囦腑涓嶅瓨鍦ㄥ悕绉扳€渢xtSearchEmp鈥?[C:\Users\lijinlong\Documents\dev-projects\repos\CompensationSystemSubInterface\CompensationSystemSubInterface\CompensationSystemSubInterface.csproj]
C:\Users\lijinlong\Documents\dev-projects\repos\CompensationSystemSubInterface\CompensationSystemSubInterface\WpfPfmcCondition.xaml.cs(44,13): error CS0103: 褰撳墠涓婁笅鏂囦腑涓嶅瓨鍦ㄥ悕绉扳€淚nitializeComponent鈥?[C:\Users\lijinlong\Documents\dev-projects\repos\CompensationSystemSubInterface\CompensationSystemSubInterface\CompensationSystemSubInterface.csproj]
C:\Users\lijinlong\Documents\dev-projects\repos\CompensationSystemSubInterface\CompensationSystemSubInterface\WpfPfmcCondition.xaml.cs(54,13): error CS0103: 褰撳墠涓婁笅鏂囦腑涓嶅瓨鍦ㄥ悕绉扳€渢reeConditions鈥?[C:\Users\lijinlong\Documents\dev-projects\repos\CompensationSystemSubInterface\CompensationSystemSubInterface\CompensationSystemSubInterface.csproj]
C:\Users\lijinlong\Documents\dev-projects\repos\CompensationSystemSubInterface\CompensationSystemSubInterface\WpfEmpCg.xaml.cs(77,13): error CS0103: 褰撳墠涓婁笅鏂囦腑涓嶅瓨鍦ㄥ悕绉扳€渃bNewDept鈥?[C:\Users\lijinlong\Documents\dev-projects\repos\CompensationSystemSubInterface\CompensationSystemSubInterface\CompensationSystemSubInterface.csproj]
C:\Users\lijinlong\Documents\dev-projects\repos\CompensationSystemSubInterface\CompensationSystemSubInterface\WpfEmpCg.xaml.cs(78,13): error CS0103: 褰撳墠涓婁笅鏂囦腑涓嶅瓨鍦ㄥ悕绉扳€渃bNewDept鈥?[C:\Users\lijinlong\Documents\dev-projects\repos\CompensationSystemSubInterface\CompensationSystemSubInterface\CompensationSystemSubInterface.csproj]
C:\Users\lijinlong\Documents\dev-projects\repos\CompensationSystemSubInterface\CompensationSystemSubInterface\WpfEmpCg.xaml.cs(79,13): error CS0103: 褰撳墠涓婁笅鏂囦腑涓嶅瓨鍦ㄥ悕绉扳€渃bNewDept鈥?[C:\Users\lijinlong\Documents\dev-projects\repos\CompensationSystemSubInterface\CompensationSystemSubInterface\CompensationSystemSubInterface.csproj]
C:\Users\lijinlong\Documents\dev-projects\repos\CompensationSystemSubInterface\CompensationSystemSubInterface\WpfEmpCg.xaml.cs(83,13): error CS0103: 褰撳墠涓婁笅鏂囦腑涓嶅瓨鍦ㄥ悕绉扳€渃bNewSeq鈥?[C:\Users\lijinlong\Documents\dev-projects\repos\CompensationSystemSubInterface\CompensationSystemSubInterface\CompensationSystemSubInterface.csproj]
C:\Users\lijinlong\Documents\dev-projects\repos\CompensationSystemSubInterface\CompensationSystemSubInterface\WpfEmpCg.xaml.cs(84,13): error CS0103: 褰撳墠涓婁笅鏂囦腑涓嶅瓨鍦ㄥ悕绉扳€渃bNewSeq鈥?[C:\Users\lijinlong\Documents\dev-projects\repos\CompensationSystemSubInterface\CompensationSystemSubInterface\CompensationSystemSubInterface.csproj]
C:\Users\lijinlong\Documents\dev-projects\repos\CompensationSystemSubInterface\CompensationSystemSubInterface\WpfEmpCg.xaml.cs(85,13): error CS0103: 褰撳墠涓婁笅鏂囦腑涓嶅瓨鍦ㄥ悕绉扳€渃bNewSeq鈥?[C:\Users\lijinlong\Documents\dev-projects\repos\CompensationSystemSubInterface\CompensationSystemSubInterface\CompensationSystemSubInterface.csproj]
C:\Users\lijinlong\Documents\dev-projects\repos\CompensationSystemSubInterface\CompensationSystemSubInterface\WpfEmpCg.xaml.cs(89,13): error CS0103: 褰撳墠涓婁笅鏂囦腑涓嶅瓨鍦ㄥ悕绉扳€渃bNewJob鈥?[C:\Users\lijinlong\Documents\dev-projects\repos\CompensationSystemSubInterface\CompensationSystemSubInterface\CompensationSystemSubInterface.csproj]
C:\Users\lijinlong\Documents\dev-projects\repos\CompensationSystemSubInterface\CompensationSystemSubInterface\WpfEmpCg.xaml.cs(90,13): error CS0103: 褰撳墠涓婁笅鏂囦腑涓嶅瓨鍦ㄥ悕绉扳€渃bNewJob鈥?[C:\Users\lijinlong\Documents\dev-projects\repos\CompensationSystemSubInterface\CompensationSystemSubInterface\CompensationSystemSubInterface.csproj]
C:\Users\lijinlong\Documents\dev-projects\repos\CompensationSystemSubInterface\CompensationSystemSubInterface\WpfEmpCg.xaml.cs(91,13): error CS0103: 褰撳墠涓婁笅鏂囦腑涓嶅瓨鍦ㄥ悕绉扳€渃bNewJob鈥?[C:\Users\lijinlong\Documents\dev-projects\repos\CompensationSystemSubInterface\CompensationSystemSubInterface\CompensationSystemSubInterface.csproj]
C:\Users\lijinlong\Documents\dev-projects\repos\CompensationSystemSubInterface\CompensationSystemSubInterface\WpfEmpCg.xaml.cs(95,13): error CS0103: 褰撳墠涓婁笅鏂囦腑涓嶅瓨鍦ㄥ悕绉扳€渃bNewLevel鈥?[C:\Users\lijinlong\Documents\dev-projects\repos\CompensationSystemSubInterface\CompensationSystemSubInterface\CompensationSystemSubInterface.csproj]
C:\Users\lijinlong\Documents\dev-projects\repos\CompensationSystemSubInterface\CompensationSystemSubInterface\WpfEmpCg.xaml.cs(96,13): error CS0103: 褰撳墠涓婁笅鏂囦腑涓嶅瓨鍦ㄥ悕绉扳€渃bNewLevel鈥?[C:\Users\lijinlong\Documents\dev-projects\repos\CompensationSystemSubInterface\CompensationSystemSubInterface\CompensationSystemSubInterface.csproj]
C:\Users\lijinlong\Documents\dev-projects\repos\CompensationSystemSubInterface\CompensationSystemSubInterface\WpfEmpCg.xaml.cs(97,13): error CS0103: 褰撳墠涓婁笅鏂囦腑涓嶅瓨鍦ㄥ悕绉扳€渃bNewLevel鈥?[C:\Users\lijinlong\Documents\dev-projects\repos\CompensationSystemSubInterface\CompensationSystemSubInterface\CompensationSystemSubInterface.csproj]
C:\Users\lijinlong\Documents\dev-projects\repos\CompensationSystemSubInterface\CompensationSystemSubInterface\WpfPfmcCondition.xaml.cs(87,37): error CS0103: 褰撳墠涓婁笅鏂囦腑涓嶅瓨鍦ㄥ悕绉扳€渢xtSearchEmp鈥?[C:\Users\lijinlong\Documents\dev-projects\repos\CompensationSystemSubInterface\CompensationSystemSubInterface\CompensationSystemSubInterface.csproj]
C:\Users\lijinlong\Documents\dev-projects\repos\CompensationSystemSubInterface\CompensationSystemSubInterface\WpfEmpMaint.xaml.cs(101,17): error CS0103: 褰撳墠涓婁笅鏂囦腑涓嶅瓨鍦ㄥ悕绉扳€渢xtEmpNo鈥?[C:\Users\lijinlong\Documents\dev-projects\repos\CompensationSystemSubInterface\CompensationSystemSubInterface\CompensationSystemSubInterface.csproj]
C:\Users\lijinlong\Documents\dev-projects\repos\CompensationSystemSubInterface\CompensationSystemSubInterface\WpfEmpMaint.xaml.cs(102,17): error CS0103: 褰撳墠涓婁笅鏂囦腑涓嶅瓨鍦ㄥ悕绉扳€渢xtNameHeader鈥?[C:\Users\lijinlong\Documents\dev-projects\repos\CompensationSystemSubInterface\CompensationSystemSubInterface\CompensationSystemSubInterface.csproj]
C:\Users\lijinlong\Documents\dev-projects\repos\CompensationSystemSubInterface\CompensationSystemSubInterface\WpfEmpMaint.xaml.cs(103,17): error CS0103: 褰撳墠涓婁笅鏂囦腑涓嶅瓨鍦ㄥ悕绉扳€渢xtDeptHeader鈥?[C:\Users\lijinlong\Documents\dev-projects\repos\CompensationSystemSubInterface\CompensationSystemSubInterface\CompensationSystemSubInterface.csproj]
C:\Users\lijinlong\Documents\dev-projects\repos\CompensationSystemSubInterface\CompensationSystemSubInterface\WpfEmpMaint.xaml.cs(106,17): error CS0103: 褰撳墠涓婁笅鏂囦腑涓嶅瓨鍦ㄥ悕绉扳€渃bGender鈥?[C:\Users\lijinlong\Documents\dev-projects\repos\CompensationSystemSubInterface\CompensationSystemSubInterface\CompensationSystemSubInterface.csproj]
C:\Users\lijinlong\Documents\dev-projects\repos\CompensationSystemSubInterface\CompensationSystemSubInterface\WpfEmpMaint.xaml.cs(108,17): error CS0103: 褰撳墠涓婁笅鏂囦腑涓嶅瓨鍦ㄥ悕绉扳€渢xtNation鈥?[C:\Users\lijinlong\Documents\dev-projects\repos\CompensationSystemSubInterface\CompensationSystemSubInterface\CompensationSystemSubInterface.csproj]
C:\Users\lijinlong\Documents\dev-projects\repos\CompensationSystemSubInterface\CompensationSystemSubInterface\WpfEmpMaint.xaml.cs(109,17): error CS0103: 褰撳墠涓婁笅鏂囦腑涓嶅瓨鍦ㄥ悕绉扳€渢xtPolitic鈥?[C:\Users\lijinlong\Documents\dev-projects\repos\CompensationSystemSubInterface\CompensationSystemSubInterface\CompensationSystemSubInterface.csproj]
C:\Users\lijinlong\Documents\dev-projects\repos\CompensationSystemSubInterface\CompensationSystemSubInterface\WpfEmpMaint.xaml.cs(110,17): error CS0103: 褰撳墠涓婁笅鏂囦腑涓嶅瓨鍦ㄥ悕绉扳€渢xtMarital鈥?[C:\Users\lijinlong\Documents\dev-projects\repos\CompensationSystemSubInterface\CompensationSystemSubInterface\CompensationSystemSubInterface.csproj]
C:\Users\lijinlong\Documents\dev-projects\repos\CompensationSystemSubInterface\CompensationSystemSubInterface\WpfEmpMaint.xaml.cs(111,17): error CS0103: 褰撳墠涓婁笅鏂囦腑涓嶅瓨鍦ㄥ悕绉扳€渢xtZodiac鈥?[C:\Users\lijinlong\Documents\dev-projects\repos\CompensationSystemSubInterface\CompensationSystemSubInterface\CompensationSystemSubInterface.csproj]
C:\Users\lijinlong\Documents\dev-projects\repos\CompensationSystemSubInterface\CompensationSystemSubInterface\WpfEmpMaint.xaml.cs(112,17): error CS0103: 褰撳墠涓婁笅鏂囦腑涓嶅瓨鍦ㄥ悕绉扳€渢xtAge鈥?[C:\Users\lijinlong\Documents\dev-projects\repos\CompensationSystemSubInterface\CompensationSystemSubInterface\CompensationSystemSubInterface.csproj]
C:\Users\lijinlong\Documents\dev-projects\repos\CompensationSystemSubInterface\CompensationSystemSubInterface\WpfEmpMaint.xaml.cs(113,17): error CS0103: 褰撳墠涓婁笅鏂囦腑涓嶅瓨鍦ㄥ悕绉扳€渄pBirthday鈥?[C:\Users\lijinlong\Documents\dev-projects\repos\CompensationSystemSubInterface\CompensationSystemSubInterface\CompensationSystemSubInterface.csproj]
C:\Users\lijinlong\Documents\dev-projects\repos\CompensationSystemSubInterface\CompensationSystemSubInterface\WpfEmpMaint.xaml.cs(114,17): error CS0103: 褰撳墠涓婁笅鏂囦腑涓嶅瓨鍦ㄥ悕绉扳€渢xtIdCard鈥?[C:\Users\lijinlong\Documents\dev-projects\repos\CompensationSystemSubInterface\CompensationSystemSubInterface\CompensationSystemSubInterface.csproj]
C:\Users\lijinlong\Documents\dev-projects\repos\CompensationSystemSubInterface\CompensationSystemSubInterface\WpfEmpMaint.xaml.cs(115,17): error CS0103: 褰撳墠涓婁笅鏂囦腑涓嶅瓨鍦ㄥ悕绉扳€渄pIdStart鈥?[C:\Users\lijinlong\Documents\dev-projects\repos\CompensationSystemSubInterface\CompensationSystemSubInterface\CompensationSystemSubInterface.csproj]
C:\Users\lijinlong\Documents\dev-projects\repos\CompensationSystemSubInterface\CompensationSystemSubInterface\WpfEmpMaint.xaml.cs(116,17): error CS0103: 褰撳墠涓婁笅鏂囦腑涓嶅瓨鍦ㄥ悕绉扳€渄pIdEnd鈥?[C:\Users\lijinlong\Documents\dev-projects\repos\CompensationSystemSubInterface\CompensationSystemSubInterface\CompensationSystemSubInterface.csproj]
C:\Users\lijinlong\Documents\dev-projects\repos\CompensationSystemSubInterface\CompensationSystemSubInterface\WpfEmpMaint.xaml.cs(119,17): error CS0103: 褰撳墠涓婁笅鏂囦腑涓嶅瓨鍦ㄥ悕绉扳€渃bSequence鈥?[C:\Users\lijinlong\Documents\dev-projects\repos\CompensationSystemSubInterface\CompensationSystemSubInterface\CompensationSystemSubInterface.csproj]
C:\Users\lijinlong\Documents\dev-projects\repos\CompensationSystemSubInterface\CompensationSystemSubInterface\WpfEmpMaint.xaml.cs(120,17): error CS0103: 褰撳墠涓婁笅鏂囦腑涓嶅瓨鍦ㄥ悕绉扳€渃bJob鈥?[C:\Users\lijinlong\Documents\dev-projects\repos\CompensationSystemSubInterface\CompensationSystemSubInterface\CompensationSystemSubInterface.csproj]
C:\Users\lijinlong\Documents\dev-projects\repos\CompensationSystemSubInterface\CompensationSystemSubInterface\WpfEmpMaint.xaml.cs(121,17): error CS0103: 褰撳墠涓婁笅鏂囦腑涓嶅瓨鍦ㄥ悕绉扳€渃bLevel鈥?[C:\Users\lijinlong\Documents\dev-projects\repos\CompensationSystemSubInterface\CompensationSystemSubInterface\CompensationSystemSubInterface.csproj]
C:\Users\lijinlong\Documents\dev-projects\repos\CompensationSystemSubInterface\CompensationSystemSubInterface\WpfEmpMaint.xaml.cs(123,17): error CS0103: 褰撳墠涓婁笅鏂囦腑涓嶅瓨鍦ㄥ悕绉扳€渢xtPersonType鈥?[C:\Users\lijinlong\Documents\dev-projects\repos\CompensationSystemSubInterface\CompensationSystemSubInterface\CompensationSystemSubInterface.csproj]
C:\Users\lijinlong\Documents\dev-projects\repos\CompensationSystemSubInterface\CompensationSystemSubInterface\WpfEmpMaint.xaml.cs(125,17): error CS0103: 褰撳墠涓婁笅鏂囦腑涓嶅瓨鍦ㄥ悕绉扳€渄pWorkStart鈥?[C:\Users\lijinlong\Documents\dev-projects\repos\CompensationSystemSubInterface\CompensationSystemSubInterface\CompensationSystemSubInterface.csproj]
C:\Users\lijinlong\Documents\dev-projects\repos\CompensationSystemSubInterface\CompensationSystemSubInterface\WpfEmpMaint.xaml.cs(126,17): error CS0103: 褰撳墠涓婁笅鏂囦腑涓嶅瓨鍦ㄥ悕绉扳€渄pJoinDate鈥?[C:\Users\lijinlong\Documents\dev-projects\repos\CompensationSystemSubInterface\CompensationSystemSubInterface\CompensationSystemSubInterface.csproj]
C:\Users\lijinlong\Documents\dev-projects\repos\CompensationSystemSubInterface\CompensationSystemSubInterface\WpfEmpMaint.xaml.cs(127,17): error CS0103: 褰撳墠涓婁笅鏂囦腑涓嶅瓨鍦ㄥ悕绉扳€渄pPostDate鈥?[C:\Users\lijinlong\Documents\dev-projects\repos\CompensationSystemSubInterface\CompensationSystemSubInterface\CompensationSystemSubInterface.csproj]
C:\Users\lijinlong\Documents\dev-projects\repos\CompensationSystemSubInterface\CompensationSystemSubInterface\WpfEmpMaint.xaml.cs(128,17): error CS0103: 褰撳墠涓婁笅鏂囦腑涓嶅瓨鍦ㄥ悕绉扳€渄pResignDate鈥?[C:\Users\lijinlong\Documents\dev-projects\repos\CompensationSystemSubInterface\CompensationSystemSubInterface\CompensationSystemSubInterface.csproj]
C:\Users\lijinlong\Documents\dev-projects\repos\CompensationSystemSubInterface\CompensationSystemSubInterface\WpfEmpMaint.xaml.cs(131,17): error CS0103: 褰撳墠涓婁笅鏂囦腑涓嶅瓨鍦ㄥ悕绉扳€渢xtEducation鈥?[C:\Users\lijinlong\Documents\dev-projects\repos\CompensationSystemSubInterface\CompensationSystemSubInterface\CompensationSystemSubInterface.csproj]
C:\Users\lijinlong\Documents\dev-projects\repos\CompensationSystemSubInterface\CompensationSystemSubInterface\WpfEmpMaint.xaml.cs(132,17): error CS0103: 褰撳墠涓婁笅鏂囦腑涓嶅瓨鍦ㄥ悕绉扳€渢xtDegree鈥?[C:\Users\lijinlong\Documents\dev-projects\repos\CompensationSystemSubInterface\CompensationSystemSubInterface\CompensationSystemSubInterface.csproj]
C:\Users\lijinlong\Documents\dev-projects\repos\CompensationSystemSubInterface\CompensationSystemSubInterface\WpfEmpMaint.xaml.cs(133,17): error CS0103: 褰撳墠涓婁笅鏂囦腑涓嶅瓨鍦ㄥ悕绉扳€渢xtTech鈥?[C:\Users\lijinlong\Documents\dev-projects\repos\CompensationSystemSubInterface\CompensationSystemSubInterface\CompensationSystemSubInterface.csproj]
C:\Users\lijinlong\Documents\dev-projects\repos\CompensationSystemSubInterface\CompensationSystemSubInterface\WpfEmpMaint.xaml.cs(134,17): error CS0103: 褰撳墠涓婁笅鏂囦腑涓嶅瓨鍦ㄥ悕绉扳€渢xtTitleLevel鈥?[C:\Users\lijinlong\Documents\dev-projects\repos\CompensationSystemSubInterface\CompensationSystemSubInterface\CompensationSystemSubInterface.csproj]
C:\Users\lijinlong\Documents\dev-projects\repos\CompensationSystemSubInterface\CompensationSystemSubInterface\WpfEmpMaint.xaml.cs(135,17): error CS0103: 褰撳墠涓婁笅鏂囦腑涓嶅瓨鍦ㄥ悕绉扳€渄pTitleDate鈥?[C:\Users\lijinlong\Documents\dev-projects\repos\CompensationSystemSubInterface\CompensationSystemSubInterface\CompensationSystemSubInterface.csproj]
C:\Users\lijinlong\Documents\dev-projects\repos\CompensationSystemSubInterface\CompensationSystemSubInterface\WpfEmpMaint.xaml.cs(136,17): error CS0103: 褰撳墠涓婁笅鏂囦腑涓嶅瓨鍦ㄥ悕绉扳€渢xtSkill鈥?[C:\Users\lijinlong\Documents\dev-projects\repos\CompensationSystemSubInterface\CompensationSystemSubInterface\CompensationSystemSubInterface.csproj]
C:\Users\lijinlong\Documents\dev-projects\repos\CompensationSystemSubInterface\CompensationSystemSubInterface\WpfEmpMaint.xaml.cs(137,17): error CS0103: 褰撳墠涓婁笅鏂囦腑涓嶅瓨鍦ㄥ悕绉扳€渄pSkillDate鈥?[C:\Users\lijinlong\Documents\dev-projects\repos\CompensationSystemSubInterface\CompensationSystemSubInterface\CompensationSystemSubInterface.csproj]
C:\Users\lijinlong\Documents\dev-projects\repos\CompensationSystemSubInterface\CompensationSystemSubInterface\WpfEmpMaint.xaml.cs(140,17): error CS0103: 褰撳墠涓婁笅鏂囦腑涓嶅瓨鍦ㄥ悕绉扳€渢xtPhone鈥?[C:\Users\lijinlong\Documents\dev-projects\repos\CompensationSystemSubInterface\CompensationSystemSubInterface\CompensationSystemSubInterface.csproj]
C:\Users\lijinlong\Documents\dev-projects\repos\CompensationSystemSubInterface\CompensationSystemSubInterface\WpfEmpMaint.xaml.cs(141,17): error CS0103: 褰撳墠涓婁笅鏂囦腑涓嶅瓨鍦ㄥ悕绉扳€渢xtBankCard鈥?[C:\Users\lijinlong\Documents\dev-projects\repos\CompensationSystemSubInterface\CompensationSystemSubInterface\CompensationSystemSubInterface.csproj]
C:\Users\lijinlong\Documents\dev-projects\repos\CompensationSystemSubInterface\CompensationSystemSubInterface\WpfEmpMaint.xaml.cs(142,17): error CS0103: 褰撳墠涓婁笅鏂囦腑涓嶅瓨鍦ㄥ悕绉扳€渢xtHujiAddr鈥?[C:\Users\lijinlong\Documents\dev-projects\repos\CompensationSystemSubInterface\CompensationSystemSubInterface\CompensationSystemSubInterface.csproj]
C:\Users\lijinlong\Documents\dev-projects\repos\CompensationSystemSubInterface\CompensationSystemSubInterface\WpfEmpMaint.xaml.cs(143,17): error CS0103: 褰撳墠涓婁笅鏂囦腑涓嶅瓨鍦ㄥ悕绉扳€渢xtCurrentAddr鈥?[C:\Users\lijinlong\Documents\dev-projects\repos\CompensationSystemSubInterface\CompensationSystemSubInterface\CompensationSystemSubInterface.csproj]
C:\Users\lijinlong\Documents\dev-projects\repos\CompensationSystemSubInterface\CompensationSystemSubInterface\WpfEmpCg.xaml.cs(114,13): error CS0103: 褰撳墠涓婁笅鏂囦腑涓嶅瓨鍦ㄥ悕绉扳€渢xtEmpNo鈥?[C:\Users\lijinlong\Documents\dev-projects\repos\CompensationSystemSubInterface\CompensationSystemSubInterface\CompensationSystemSubInterface.csproj]
C:\Users\lijinlong\Documents\dev-projects\repos\CompensationSystemSubInterface\CompensationSystemSubInterface\WpfEmpCg.xaml.cs(115,13): error CS0103: 褰撳墠涓婁笅鏂囦腑涓嶅瓨鍦ㄥ悕绉扳€渢xtName鈥?[C:\Users\lijinlong\Documents\dev-projects\repos\CompensationSystemSubInterface\CompensationSystemSubInterface\CompensationSystemSubInterface.csproj]
C:\Users\lijinlong\Documents\dev-projects\repos\CompensationSystemSubInterface\CompensationSystemSubInterface\WpfEmpCg.xaml.cs(117,13): error CS0103: 褰撳墠涓婁笅鏂囦腑涓嶅瓨鍦ㄥ悕绉扳€渢xtOldDept鈥?[C:\Users\lijinlong\Documents\dev-projects\repos\CompensationSystemSubInterface\CompensationSystemSubInterface\CompensationSystemSubInterface.csproj]
C:\Users\lijinlong\Documents\dev-projects\repos\CompensationSystemSubInterface\CompensationSystemSubInterface\WpfEmpCg.xaml.cs(118,13): error CS0103: 褰撳墠涓婁笅鏂囦腑涓嶅瓨鍦ㄥ悕绉扳€渢xtOldSeq鈥?[C:\Users\lijinlong\Documents\dev-projects\repos\CompensationSystemSubInterface\CompensationSystemSubInterface\CompensationSystemSubInterface.csproj]
C:\Users\lijinlong\Documents\dev-projects\repos\CompensationSystemSubInterface\CompensationSystemSubInterface\WpfEmpCg.xaml.cs(119,13): error CS0103: 褰撳墠涓婁笅鏂囦腑涓嶅瓨鍦ㄥ悕绉扳€渢xtOldJob鈥?[C:\Users\lijinlong\Documents\dev-projects\repos\CompensationSystemSubInterface\CompensationSystemSubInterface\CompensationSystemSubInterface.csproj]
C:\Users\lijinlong\Documents\dev-projects\repos\CompensationSystemSubInterface\CompensationSystemSubInterface\WpfEmpCg.xaml.cs(120,13): error CS0103: 褰撳墠涓婁笅鏂囦腑涓嶅瓨鍦ㄥ悕绉扳€渢xtOldLevel鈥?[C:\Users\lijinlong\Documents\dev-projects\repos\CompensationSystemSubInterface\CompensationSystemSubInterface\CompensationSystemSubInterface.csproj]
C:\Users\lijinlong\Documents\dev-projects\repos\CompensationSystemSubInterface\CompensationSystemSubInterface\WpfEmpCg.xaml.cs(125,43): error CS0103: 褰撳墠涓婁笅鏂囦腑涓嶅瓨鍦ㄥ悕绉扳€渃bNewDept鈥?[C:\Users\lijinlong\Documents\dev-projects\repos\CompensationSystemSubInterface\CompensationSystemSubInterface\CompensationSystemSubInterface.csproj]
C:\Users\lijinlong\Documents\dev-projects\repos\CompensationSystemSubInterface\CompensationSystemSubInterface\WpfEmpCg.xaml.cs(126,42): error CS0103: 褰撳墠涓婁笅鏂囦腑涓嶅瓨鍦ㄥ悕绉扳€渃bNewSeq鈥?[C:\Users\lijinlong\Documents\dev-projects\repos\CompensationSystemSubInterface\CompensationSystemSubInterface\CompensationSystemSubInterface.csproj]
C:\Users\lijinlong\Documents\dev-projects\repos\CompensationSystemSubInterface\CompensationSystemSubInterface\WpfEmpCg.xaml.cs(127,42): error CS0103: 褰撳墠涓婁笅鏂囦腑涓嶅瓨鍦ㄥ悕绉扳€渃bNewJob鈥?[C:\Users\lijinlong\Documents\dev-projects\repos\CompensationSystemSubInterface\CompensationSystemSubInterface\CompensationSystemSubInterface.csproj]
C:\Users\lijinlong\Documents\dev-projects\repos\CompensationSystemSubInterface\CompensationSystemSubInterface\WpfEmpCg.xaml.cs(128,44): error CS0103: 褰撳墠涓婁笅鏂囦腑涓嶅瓨鍦ㄥ悕绉扳€渃bNewLevel鈥?[C:\Users\lijinlong\Documents\dev-projects\repos\CompensationSystemSubInterface\CompensationSystemSubInterface\CompensationSystemSubInterface.csproj]
C:\Users\lijinlong\Documents\dev-projects\repos\CompensationSystemSubInterface\CompensationSystemSubInterface\WpfEmpCg.xaml.cs(131,13): error CS0103: 褰撳墠涓婁笅鏂囦腑涓嶅瓨鍦ㄥ悕绉扳€渄pChangeTime鈥?[C:\Users\lijinlong\Documents\dev-projects\repos\CompensationSystemSubInterface\CompensationSystemSubInterface\CompensationSystemSubInterface.csproj]
C:\Users\lijinlong\Documents\dev-projects\repos\CompensationSystemSubInterface\CompensationSystemSubInterface\WpfEmpCg.xaml.cs(132,13): error CS0103: 褰撳墠涓婁笅鏂囦腑涓嶅瓨鍦ㄥ悕绉扳€渄pWageStart鈥?[C:\Users\lijinlong\Documents\dev-projects\repos\CompensationSystemSubInterface\CompensationSystemSubInterface\CompensationSystemSubInterface.csproj]
C:\Users\lijinlong\Documents\dev-projects\repos\CompensationSystemSubInterface\CompensationSystemSubInterface\WpfEmpMaint.xaml.cs(159,28): error CS0103: 褰撳墠涓婁笅鏂囦腑涓嶅瓨鍦ㄥ悕绉扳€渢xtNameHeader鈥?[C:\Users\lijinlong\Documents\dev-projects\repos\CompensationSystemSubInterface\CompensationSystemSubInterface\CompensationSystemSubInterface.csproj]
C:\Users\lijinlong\Documents\dev-projects\repos\CompensationSystemSubInterface\CompensationSystemSubInterface\WpfEmpMaint.xaml.cs(162,30): error CS0103: 褰撳墠涓婁笅鏂囦腑涓嶅瓨鍦ㄥ悕绉扳€渃bGender鈥?[C:\Users\lijinlong\Documents\dev-projects\repos\CompensationSystemSubInterface\CompensationSystemSubInterface\CompensationSystemSubInterface.csproj]
C:\Users\lijinlong\Documents\dev-projects\repos\CompensationSystemSubInterface\CompensationSystemSubInterface\WpfEmpMaint.xaml.cs(163,30): error CS0103: 褰撳墠涓婁笅鏂囦腑涓嶅瓨鍦ㄥ悕绉扳€渢xtNation鈥?[C:\Users\lijinlong\Documents\dev-projects\repos\CompensationSystemSubInterface\CompensationSystemSubInterface\CompensationSystemSubInterface.csproj]
C:\Users\lijinlong\Documents\dev-projects\repos\CompensationSystemSubInterface\CompensationSystemSubInterface\WpfEmpMaint.xaml.cs(164,31): error CS0103: 褰撳墠涓婁笅鏂囦腑涓嶅瓨鍦ㄥ悕绉扳€渢xtPolitic鈥?[C:\Users\lijinlong\Documents\dev-projects\repos\CompensationSystemSubInterface\CompensationSystemSubInterface\CompensationSystemSubInterface.csproj]
C:\Users\lijinlong\Documents\dev-projects\repos\CompensationSystemSubInterface\CompensationSystemSubInterface\WpfEmpMaint.xaml.cs(165,31): error CS0103: 褰撳墠涓婁笅鏂囦腑涓嶅瓨鍦ㄥ悕绉扳€渢xtMarital鈥?[C:\Users\lijinlong\Documents\dev-projects\repos\CompensationSystemSubInterface\CompensationSystemSubInterface\CompensationSystemSubInterface.csproj]
C:\Users\lijinlong\Documents\dev-projects\repos\CompensationSystemSubInterface\CompensationSystemSubInterface\WpfEmpMaint.xaml.cs(166,30): error CS0103: 褰撳墠涓婁笅鏂囦腑涓嶅瓨鍦ㄥ悕绉扳€渢xtZodiac鈥?[C:\Users\lijinlong\Documents\dev-projects\repos\CompensationSystemSubInterface\CompensationSystemSubInterface\CompensationSystemSubInterface.csproj]
C:\Users\lijinlong\Documents\dev-projects\repos\CompensationSystemSubInterface\CompensationSystemSubInterface\WpfEmpMaint.xaml.cs(168,40): error CS0103: 褰撳墠涓婁笅鏂囦腑涓嶅瓨鍦ㄥ悕绉扳€渢xtAge鈥?[C:\Users\lijinlong\Documents\dev-projects\repos\CompensationSystemSubInterface\CompensationSystemSubInterface\CompensationSystemSubInterface.csproj]
C:\Users\lijinlong\Documents\dev-projects\repos\CompensationSystemSubInterface\CompensationSystemSubInterface\WpfEmpMaint.xaml.cs(169,32): error CS0103: 褰撳墠涓婁笅鏂囦腑涓嶅瓨鍦ㄥ悕绉扳€渄pBirthday鈥?[C:\Users\lijinlong\Documents\dev-projects\repos\CompensationSystemSubInterface\CompensationSystemSubInterface\CompensationSystemSubInterface.csproj]
C:\Users\lijinlong\Documents\dev-projects\repos\CompensationSystemSubInterface\CompensationSystemSubInterface\WpfEmpMaint.xaml.cs(172,31): error CS0103: 褰撳墠涓婁笅鏂囦腑涓嶅瓨鍦ㄥ悕绉扳€渄pIdStart鈥?[C:\Users\lijinlong\Documents\dev-projects\repos\CompensationSystemSubInterface\CompensationSystemSubInterface\CompensationSystemSubInterface.csproj]
C:\Users\lijinlong\Documents\dev-projects\repos\CompensationSystemSubInterface\CompensationSystemSubInterface\WpfEmpMaint.xaml.cs(173,29): error CS0103: 褰撳墠涓婁笅鏂囦腑涓嶅瓨鍦ㄥ悕绉扳€渄pIdEnd鈥?[C:\Users\lijinlong\Documents\dev-projects\repos\CompensationSystemSubInterface\CompensationSystemSubInterface\CompensationSystemSubInterface.csproj]
C:\Users\lijinlong\Documents\dev-projects\repos\CompensationSystemSubInterface\CompensationSystemSubInterface\WpfEmpMaint.xaml.cs(176,30): error CS0103: 褰撳墠涓婁笅鏂囦腑涓嶅瓨鍦ㄥ悕绉扳€渢xtIdCard鈥?[C:\Users\lijinlong\Documents\dev-projects\repos\CompensationSystemSubInterface\CompensationSystemSubInterface\CompensationSystemSubInterface.csproj]
C:\Users\lijinlong\Documents\dev-projects\repos\CompensationSystemSubInterface\CompensationSystemSubInterface\WpfEmpMaint.xaml.cs(177,32): error CS0103: 褰撳墠涓婁笅鏂囦腑涓嶅瓨鍦ㄥ悕绉扳€渢xtBankCard鈥?[C:\Users\lijinlong\Documents\dev-projects\repos\CompensationSystemSubInterface\CompensationSystemSubInterface\CompensationSystemSubInterface.csproj]
C:\Users\lijinlong\Documents\dev-projects\repos\CompensationSystemSubInterface\CompensationSystemSubInterface\WpfEmpMaint.xaml.cs(180,29): error CS0103: 褰撳墠涓婁笅鏂囦腑涓嶅瓨鍦ㄥ悕绉扳€渢xtPhone鈥?[C:\Users\lijinlong\Documents\dev-projects\repos\CompensationSystemSubInterface\CompensationSystemSubInterface\CompensationSystemSubInterface.csproj]
C:\Users\lijinlong\Documents\dev-projects\repos\CompensationSystemSubInterface\CompensationSystemSubInterface\WpfEmpMaint.xaml.cs(181,32): error CS0103: 褰撳墠涓婁笅鏂囦腑涓嶅瓨鍦ㄥ悕绉扳€渢xtHujiAddr鈥?[C:\Users\lijinlong\Documents\dev-projects\repos\CompensationSystemSubInterface\CompensationSystemSubInterface\CompensationSystemSubInterface.csproj]
C:\Users\lijinlong\Documents\dev-projects\repos\CompensationSystemSubInterface\CompensationSystemSubInterface\WpfEmpMaint.xaml.cs(182,35): error CS0103: 褰撳墠涓婁笅鏂囦腑涓嶅瓨鍦ㄥ悕绉扳€渢xtCurrentAddr鈥?[C:\Users\lijinlong\Documents\dev-projects\repos\CompensationSystemSubInterface\CompensationSystemSubInterface\CompensationSystemSubInterface.csproj]
C:\Users\lijinlong\Documents\dev-projects\repos\CompensationSystemSubInterface\CompensationSystemSubInterface\WpfEmpMaint.xaml.cs(185,34): error CS0103: 褰撳墠涓婁笅鏂囦腑涓嶅瓨鍦ㄥ悕绉扳€渢xtPersonType鈥?[C:\Users\lijinlong\Documents\dev-projects\repos\CompensationSystemSubInterface\CompensationSystemSubInterface\CompensationSystemSubInterface.csproj]
C:\Users\lijinlong\Documents\dev-projects\repos\CompensationSystemSubInterface\CompensationSystemSubInterface\WpfEmpMaint.xaml.cs(186,33): error CS0103: 褰撳墠涓婁笅鏂囦腑涓嶅瓨鍦ㄥ悕绉扳€渄pWorkStart鈥?[C:\Users\lijinlong\Documents\dev-projects\repos\CompensationSystemSubInterface\CompensationSystemSubInterface\CompensationSystemSubInterface.csproj]
C:\Users\lijinlong\Documents\dev-projects\repos\CompensationSystemSubInterface\CompensationSystemSubInterface\WpfEmpMaint.xaml.cs(187,32): error CS0103: 褰撳墠涓婁笅鏂囦腑涓嶅瓨鍦ㄥ悕绉扳€渄pJoinDate鈥?[C:\Users\lijinlong\Documents\dev-projects\repos\CompensationSystemSubInterface\CompensationSystemSubInterface\CompensationSystemSubInterface.csproj]
C:\Users\lijinlong\Documents\dev-projects\repos\CompensationSystemSubInterface\CompensationSystemSubInterface\WpfEmpMaint.xaml.cs(188,32): error CS0103: 褰撳墠涓婁笅鏂囦腑涓嶅瓨鍦ㄥ悕绉扳€渄pPostDate鈥?[C:\Users\lijinlong\Documents\dev-projects\repos\CompensationSystemSubInterface\CompensationSystemSubInterface\CompensationSystemSubInterface.csproj]
C:\Users\lijinlong\Documents\dev-projects\repos\CompensationSystemSubInterface\CompensationSystemSubInterface\WpfEmpMaint.xaml.cs(192,33): error CS0103: 褰撳墠涓婁笅鏂囦腑涓嶅瓨鍦ㄥ悕绉扳€渢xtEducation鈥?[C:\Users\lijinlong\Documents\dev-projects\repos\CompensationSystemSubInterface\CompensationSystemSubInterface\CompensationSystemSubInterface.csproj]
C:\Users\lijinlong\Documents\dev-projects\repos\CompensationSystemSubInterface\CompensationSystemSubInterface\WpfEmpMaint.xaml.cs(193,30): error CS0103: 褰撳墠涓婁笅鏂囦腑涓嶅瓨鍦ㄥ悕绉扳€渢xtDegree鈥?[C:\Users\lijinlong\Documents\dev-projects\repos\CompensationSystemSubInterface\CompensationSystemSubInterface\CompensationSystemSubInterface.csproj]
C:\Users\lijinlong\Documents\dev-projects\repos\CompensationSystemSubInterface\CompensationSystemSubInterface\WpfEmpMaint.xaml.cs(194,37): error CS0103: 褰撳墠涓婁笅鏂囦腑涓嶅瓨鍦ㄥ悕绉扳€渢xtTech鈥?[C:\Users\lijinlong\Documents\dev-projects\repos\CompensationSystemSubInterface\CompensationSystemSubInterface\CompensationSystemSubInterface.csproj]
C:\Users\lijinlong\Documents\dev-projects\repos\CompensationSystemSubInterface\CompensationSystemSubInterface\WpfEmpMaint.xaml.cs(195,34): error CS0103: 褰撳墠涓婁笅鏂囦腑涓嶅瓨鍦ㄥ悕绉扳€渢xtTitleLevel鈥?[C:\Users\lijinlong\Documents\dev-projects\repos\CompensationSystemSubInterface\CompensationSystemSubInterface\CompensationSystemSubInterface.csproj]
C:\Users\lijinlong\Documents\dev-projects\repos\CompensationSystemSubInterface\CompensationSystemSubInterface\WpfEmpMaint.xaml.cs(196,33): error CS0103: 褰撳墠涓婁笅鏂囦腑涓嶅瓨鍦ㄥ悕绉扳€渄pTitleDate鈥?[C:\Users\lijinlong\Documents\dev-projects\repos\CompensationSystemSubInterface\CompensationSystemSubInterface\CompensationSystemSubInterface.csproj]
C:\Users\lijinlong\Documents\dev-projects\repos\CompensationSystemSubInterface\CompensationSystemSubInterface\WpfEmpMaint.xaml.cs(197,29): error CS0103: 褰撳墠涓婁笅鏂囦腑涓嶅瓨鍦ㄥ悕绉扳€渢xtSkill鈥?[C:\Users\lijinlong\Documents\dev-projects\repos\CompensationSystemSubInterface\CompensationSystemSubInterface\CompensationSystemSubInterface.csproj]
C:\Users\lijinlong\Documents\dev-projects\repos\CompensationSystemSubInterface\CompensationSystemSubInterface\WpfEmpMaint.xaml.cs(198,33): error CS0103: 褰撳墠涓婁笅鏂囦腑涓嶅瓨鍦ㄥ悕绉扳€渄pSkillDate鈥?[C:\Users\lijinlong\Documents\dev-projects\repos\CompensationSystemSubInterface\CompensationSystemSubInterface\CompensationSystemSubInterface.csproj]
C:\Users\lijinlong\Documents\dev-projects\repos\CompensationSystemSubInterface\CompensationSystemSubInterface\WpfSalaryCondition.xaml.cs(350,27): error CS0103: 褰撳墠涓婁笅鏂囦腑涓嶅瓨鍦ㄥ悕绉扳€渢xtSearchItem鈥?[C:\Users\lijinlong\Documents\dev-projects\repos\CompensationSystemSubInterface\CompensationSystemSubInterface\CompensationSystemSubInterface.csproj]
C:\Users\lijinlong\Documents\dev-projects\repos\CompensationSystemSubInterface\CompensationSystemSubInterface\WpfEmpCg.xaml.cs(140,19): error CS0103: 褰撳墠涓婁笅鏂囦腑涓嶅瓨鍦ㄥ悕绉扳€渃bChangeType鈥?[C:\Users\lijinlong\Documents\dev-projects\repos\CompensationSystemSubInterface\CompensationSystemSubInterface\CompensationSystemSubInterface.csproj]
C:\Users\lijinlong\Documents\dev-projects\repos\CompensationSystemSubInterface\CompensationSystemSubInterface\WpfEmpCg.xaml.cs(145,17): error CS0103: 褰撳墠涓婁笅鏂囦腑涓嶅瓨鍦ㄥ悕绉扳€渄pWageEnd鈥?[C:\Users\lijinlong\Documents\dev-projects\repos\CompensationSystemSubInterface\CompensationSystemSubInterface\CompensationSystemSubInterface.csproj]
C:\Users\lijinlong\Documents\dev-projects\repos\CompensationSystemSubInterface\CompensationSystemSubInterface\WpfEmpCg.xaml.cs(146,17): error CS0103: 褰撳墠涓婁笅鏂囦腑涓嶅瓨鍦ㄥ悕绉扳€渄pWageEnd鈥?[C:\Users\lijinlong\Documents\dev-projects\repos\CompensationSystemSubInterface\CompensationSystemSubInterface\CompensationSystemSubInterface.csproj]
C:\Users\lijinlong\Documents\dev-projects\repos\CompensationSystemSubInterface\CompensationSystemSubInterface\WpfEmpCg.xaml.cs(148,17): error CS0103: 褰撳墠涓婁笅鏂囦腑涓嶅瓨鍦ㄥ悕绉扳€渄pWageStart鈥?[C:\Users\lijinlong\Documents\dev-projects\repos\CompensationSystemSubInterface\CompensationSystemSubInterface\CompensationSystemSubInterface.csproj]
C:\Users\lijinlong\Documents\dev-projects\repos\CompensationSystemSubInterface\CompensationSystemSubInterface\WpfEmpCg.xaml.cs(149,17): error CS0103: 褰撳墠涓婁笅鏂囦腑涓嶅瓨鍦ㄥ悕绉扳€渄pWageStart鈥?[C:\Users\lijinlong\Documents\dev-projects\repos\CompensationSystemSubInterface\CompensationSystemSubInterface\CompensationSystemSubInterface.csproj]
C:\Users\lijinlong\Documents\dev-projects\repos\CompensationSystemSubInterface\CompensationSystemSubInterface\WpfEmpCg.xaml.cs(156,17): error CS0103: 褰撳墠涓婁笅鏂囦腑涓嶅瓨鍦ㄥ悕绉扳€渄pWageEnd鈥?[C:\Users\lijinlong\Documents\dev-projects\repos\CompensationSystemSubInterface\CompensationSystemSubInterface\CompensationSystemSubInterface.csproj]
C:\Users\lijinlong\Documents\dev-projects\repos\CompensationSystemSubInterface\CompensationSystemSubInterface\WpfEmpCg.xaml.cs(157,17): error CS0103: 褰撳墠涓婁笅鏂囦腑涓嶅瓨鍦ㄥ悕绉扳€渄pWageEnd鈥?[C:\Users\lijinlong\Documents\dev-projects\repos\CompensationSystemSubInterface\CompensationSystemSubInterface\CompensationSystemSubInterface.csproj]
C:\Users\lijinlong\Documents\dev-projects\repos\CompensationSystemSubInterface\CompensationSystemSubInterface\WpfEmpCg.xaml.cs(158,17): error CS0103: 褰撳墠涓婁笅鏂囦腑涓嶅瓨鍦ㄥ悕绉扳€渄pWageEnd鈥?[C:\Users\lijinlong\Documents\dev-projects\repos\CompensationSystemSubInterface\CompensationSystemSubInterface\CompensationSystemSubInterface.csproj]
C:\Users\lijinlong\Documents\dev-projects\repos\CompensationSystemSubInterface\CompensationSystemSubInterface\WpfEmpCg.xaml.cs(160,17): error CS0103: 褰撳墠涓婁笅鏂囦腑涓嶅瓨鍦ㄥ悕绉扳€渄pWageStart鈥?[C:\Users\lijinlong\Documents\dev-projects\repos\CompensationSystemSubInterface\CompensationSystemSubInterface\CompensationSystemSubInterface.csproj]
C:\Users\lijinlong\Documents\dev-projects\repos\CompensationSystemSubInterface\CompensationSystemSubInterface\WpfEmpCg.xaml.cs(161,21): error CS0103: 褰撳墠涓婁笅鏂囦腑涓嶅瓨鍦ㄥ悕绉扳€渄pWageStart鈥?[C:\Users\lijinlong\Documents\dev-projects\repos\CompensationSystemSubInterface\CompensationSystemSubInterface\CompensationSystemSubInterface.csproj]
C:\Users\lijinlong\Documents\dev-projects\repos\CompensationSystemSubInterface\CompensationSystemSubInterface\WpfEmpCg.xaml.cs(161,55): error CS0103: 褰撳墠涓婁笅鏂囦腑涓嶅瓨鍦ㄥ悕绉扳€渄pWageStart鈥?[C:\Users\lijinlong\Documents\dev-projects\repos\CompensationSystemSubInterface\CompensationSystemSubInterface\CompensationSystemSubInterface.csproj]
C:\Users\lijinlong\Documents\dev-projects\repos\CompensationSystemSubInterface\CompensationSystemSubInterface\WpfEmpCg.xaml.cs(173,13): error CS0103: 褰撳墠涓婁笅鏂囦腑涓嶅瓨鍦ㄥ悕绉扳€渃bNewDept鈥?[C:\Users\lijinlong\Documents\dev-projects\repos\CompensationSystemSubInterface\CompensationSystemSubInterface\CompensationSystemSubInterface.csproj]
C:\Users\lijinlong\Documents\dev-projects\repos\CompensationSystemSubInterface\CompensationSystemSubInterface\WpfEmpCg.xaml.cs(174,13): error CS0103: 褰撳墠涓婁笅鏂囦腑涓嶅瓨鍦ㄥ悕绉扳€渃bNewSeq鈥?[C:\Users\lijinlong\Documents\dev-projects\repos\CompensationSystemSubInterface\CompensationSystemSubInterface\CompensationSystemSubInterface.csproj]
C:\Users\lijinlong\Documents\dev-projects\repos\CompensationSystemSubInterface\CompensationSystemSubInterface\WpfEmpCg.xaml.cs(175,13): error CS0103: 褰撳墠涓婁笅鏂囦腑涓嶅瓨鍦ㄥ悕绉扳€渃bNewJob鈥?[C:\Users\lijinlong\Documents\dev-projects\repos\CompensationSystemSubInterface\CompensationSystemSubInterface\CompensationSystemSubInterface.csproj]
C:\Users\lijinlong\Documents\dev-projects\repos\CompensationSystemSubInterface\CompensationSystemSubInterface\WpfEmpCg.xaml.cs(176,13): error CS0103: 褰撳墠涓婁笅鏂囦腑涓嶅瓨鍦ㄥ悕绉扳€渃bNewLevel鈥?[C:\Users\lijinlong\Documents\dev-projects\repos\CompensationSystemSubInterface\CompensationSystemSubInterface\CompensationSystemSubInterface.csproj]
C:\Users\lijinlong\Documents\dev-projects\repos\CompensationSystemSubInterface\CompensationSystemSubInterface\WpfEmpCg.xaml.cs(185,17): error CS0103: 褰撳墠涓婁笅鏂囦腑涓嶅瓨鍦ㄥ悕绉扳€渃bChangeType鈥?[C:\Users\lijinlong\Documents\dev-projects\repos\CompensationSystemSubInterface\CompensationSystemSubInterface\CompensationSystemSubInterface.csproj]
C:\Users\lijinlong\Documents\dev-projects\repos\CompensationSystemSubInterface\CompensationSystemSubInterface\WpfEmpCg.xaml.cs(190,34): error CS0103: 褰撳墠涓婁笅鏂囦腑涓嶅瓨鍦ㄥ悕绉扳€渃bChangeType鈥?[C:\Users\lijinlong\Documents\dev-projects\repos\CompensationSystemSubInterface\CompensationSystemSubInterface\CompensationSystemSubInterface.csproj]
C:\Users\lijinlong\Documents\dev-projects\repos\CompensationSystemSubInterface\CompensationSystemSubInterface\WpfEmpCg.xaml.cs(191,35): error CS0103: 褰撳墠涓婁笅鏂囦腑涓嶅瓨鍦ㄥ悕绉扳€渄pChangeTime鈥?[C:\Users\lijinlong\Documents\dev-projects\repos\CompensationSystemSubInterface\CompensationSystemSubInterface\CompensationSystemSubInterface.csproj]
C:\Users\lijinlong\Documents\dev-projects\repos\CompensationSystemSubInterface\CompensationSystemSubInterface\WpfEmpCg.xaml.cs(195,21): error CS0103: 褰撳墠涓婁笅鏂囦腑涓嶅瓨鍦ㄥ悕绉扳€渄pWageEnd鈥?[C:\Users\lijinlong\Documents\dev-projects\repos\CompensationSystemSubInterface\CompensationSystemSubInterface\CompensationSystemSubInterface.csproj]
C:\Users\lijinlong\Documents\dev-projects\repos\CompensationSystemSubInterface\CompensationSystemSubInterface\WpfEmpCg.xaml.cs(200,21): error CS0103: 褰撳墠涓婁笅鏂囦腑涓嶅瓨鍦ㄥ悕绉扳€渄pWageStart鈥?[C:\Users\lijinlong\Documents\dev-projects\repos\CompensationSystemSubInterface\CompensationSystemSubInterface\CompensationSystemSubInterface.csproj]
C:\Users\lijinlong\Documents\dev-projects\repos\CompensationSystemSubInterface\CompensationSystemSubInterface\WpfEmpCg.xaml.cs(204,21): error CS0103: 褰撳墠涓婁笅鏂囦腑涓嶅瓨鍦ㄥ悕绉扳€渃bNewDept鈥?[C:\Users\lijinlong\Documents\dev-projects\repos\CompensationSystemSubInterface\CompensationSystemSubInterface\CompensationSystemSubInterface.csproj]
C:\Users\lijinlong\Documents\dev-projects\repos\CompensationSystemSubInterface\CompensationSystemSubInterface\WpfEmpCg.xaml.cs(212,32): error CS0103: 褰撳墠涓婁笅鏂囦腑涓嶅瓨鍦ㄥ悕绉扳€渃bNewDept鈥?[C:\Users\lijinlong\Documents\dev-projects\repos\CompensationSystemSubInterface\CompensationSystemSubInterface\CompensationSystemSubInterface.csproj]
C:\Users\lijinlong\Documents\dev-projects\repos\CompensationSystemSubInterface\CompensationSystemSubInterface\WpfEmpCg.xaml.cs(213,32): error CS0103: 褰撳墠涓婁笅鏂囦腑涓嶅瓨鍦ㄥ悕绉扳€渃bNewSeq鈥?[C:\Users\lijinlong\Documents\dev-projects\repos\CompensationSystemSubInterface\CompensationSystemSubInterface\CompensationSystemSubInterface.csproj]
C:\Users\lijinlong\Documents\dev-projects\repos\CompensationSystemSubInterface\CompensationSystemSubInterface\WpfEmpCg.xaml.cs(214,32): error CS0103: 褰撳墠涓婁笅鏂囦腑涓嶅瓨鍦ㄥ悕绉扳€渃bNewJob鈥?[C:\Users\lijinlong\Documents\dev-projects\repos\CompensationSystemSubInterface\CompensationSystemSubInterface\CompensationSystemSubInterface.csproj]
C:\Users\lijinlong\Documents\dev-projects\repos\CompensationSystemSubInterface\CompensationSystemSubInterface\WpfEmpCg.xaml.cs(215,32): error CS0103: 褰撳墠涓婁笅鏂囦腑涓嶅瓨鍦ㄥ悕绉扳€渃bNewLevel鈥?[C:\Users\lijinlong\Documents\dev-projects\repos\CompensationSystemSubInterface\CompensationSystemSubInterface\CompensationSystemSubInterface.csproj]
C:\Users\lijinlong\Documents\dev-projects\repos\CompensationSystemSubInterface\CompensationSystemSubInterface\WpfEmpCg.xaml.cs(218,37): error CS0103: 褰撳墠涓婁笅鏂囦腑涓嶅瓨鍦ㄥ悕绉扳€渃bNewDept鈥?[C:\Users\lijinlong\Documents\dev-projects\repos\CompensationSystemSubInterface\CompensationSystemSubInterface\CompensationSystemSubInterface.csproj]
C:\Users\lijinlong\Documents\dev-projects\repos\CompensationSystemSubInterface\CompensationSystemSubInterface\WpfEmpCg.xaml.cs(219,37): error CS0103: 褰撳墠涓婁笅鏂囦腑涓嶅瓨鍦ㄥ悕绉扳€渃bNewSeq鈥?[C:\Users\lijinlong\Documents\dev-projects\repos\CompensationSystemSubInterface\CompensationSystemSubInterface\CompensationSystemSubInterface.csproj]
C:\Users\lijinlong\Documents\dev-projects\repos\CompensationSystemSubInterface\CompensationSystemSubInterface\WpfEmpCg.xaml.cs(220,37): error CS0103: 褰撳墠涓婁笅鏂囦腑涓嶅瓨鍦ㄥ悕绉扳€渃bNewJob鈥?[C:\Users\lijinlong\Documents\dev-projects\repos\CompensationSystemSubInterface\CompensationSystemSubInterface\CompensationSystemSubInterface.csproj]
C:\Users\lijinlong\Documents\dev-projects\repos\CompensationSystemSubInterface\CompensationSystemSubInterface\WpfEmpCg.xaml.cs(221,37): error CS0103: 褰撳墠涓婁笅鏂囦腑涓嶅瓨鍦ㄥ悕绉扳€渃bNewLevel鈥?[C:\Users\lijinlong\Documents\dev-projects\repos\CompensationSystemSubInterface\CompensationSystemSubInterface\CompensationSystemSubInterface.csproj]
C:\Users\lijinlong\Documents\dev-projects\repos\CompensationSystemSubInterface\CompensationSystemSubInterface\WpfEmpCg.xaml.cs(241,21): error CS0103: 褰撳墠涓婁笅鏂囦腑涓嶅瓨鍦ㄥ悕绉扳€渄pWageStart鈥?[C:\Users\lijinlong\Documents\dev-projects\repos\CompensationSystemSubInterface\CompensationSystemSubInterface\CompensationSystemSubInterface.csproj]
C:\Users\lijinlong\Documents\dev-projects\repos\CompensationSystemSubInterface\CompensationSystemSubInterface\WpfEmpCg.xaml.cs(242,21): error CS0103: 褰撳墠涓婁笅鏂囦腑涓嶅瓨鍦ㄥ悕绉扳€渄pWageEnd鈥?[C:\Users\lijinlong\Documents\dev-projects\repos\CompensationSystemSubInterface\CompensationSystemSubInterface\CompensationSystemSubInterface.csproj]
C:\Users\lijinlong\Documents\dev-projects\repos\CompensationSystemSubInterface\CompensationSystemSubInterface\WpfEmpMaint.xaml.cs(44,34): warning CS0067: 浠庝笉浣跨敤浜嬩欢鈥淲pfEmpMaint.OpenChangeWindowRequested鈥?[C:\Users\lijinlong\Documents\dev-projects\repos\CompensationSystemSubInterface\CompensationSystemSubInterface\CompensationSystemSubInterface.csproj]

鐢熸垚澶辫触銆?

C:\Users\lijinlong\Documents\dev-projects\repos\CompensationSystemSubInterface\CompensationSystemSubInterface\Utilities\ExcelHelper.cs(200,32): warning CS0168: 澹版槑浜嗗彉閲忊€渆x鈥濓紝浣嗕粠鏈娇鐢ㄨ繃 [C:\Users\lijinlong\Documents\dev-projects\repos\CompensationSystemSubInterface\CompensationSystemSubInterface\CompensationSystemSubInterface.csproj]
C:\Users\lijinlong\Documents\dev-projects\repos\CompensationSystemSubInterface\CompensationSystemSubInterface\WpfEmpMaint.xaml.cs(44,34): warning CS0067: 浠庝笉浣跨敤浜嬩欢鈥淲pfEmpMaint.OpenChangeWindowRequested鈥?[C:\Users\lijinlong\Documents\dev-projects\repos\CompensationSystemSubInterface\CompensationSystemSubInterface\CompensationSystemSubInterface.csproj]
C:\Users\lijinlong\Documents\dev-projects\repos\CompensationSystemSubInterface\CompensationSystemSubInterface\WpfFilterPanel.xaml.cs(20,13): error CS0103: 褰撳墠涓婁笅鏂囦腑涓嶅瓨鍦ㄥ悕绉扳€淚nitializeComponent鈥?[C:\Users\lijinlong\Documents\dev-projects\repos\CompensationSystemSubInterface\CompensationSystemSubInterface\CompensationSystemSubInterface.csproj]
C:\Users\lijinlong\Documents\dev-projects\repos\CompensationSystemSubInterface\CompensationSystemSubInterface\WpfEmpMaint.xaml.cs(51,13): error CS0103: 褰撳墠涓婁笅鏂囦腑涓嶅瓨鍦ㄥ悕绉扳€淚nitializeComponent鈥?[C:\Users\lijinlong\Documents\dev-projects\repos\CompensationSystemSubInterface\CompensationSystemSubInterface\CompensationSystemSubInterface.csproj]
C:\Users\lijinlong\Documents\dev-projects\repos\CompensationSystemSubInterface\CompensationSystemSubInterface\WpfSalaryCondition.xaml.cs(52,13): error CS0103: 褰撳墠涓婁笅鏂囦腑涓嶅瓨鍦ㄥ悕绉扳€淚nitializeComponent鈥?[C:\Users\lijinlong\Documents\dev-projects\repos\CompensationSystemSubInterface\CompensationSystemSubInterface\CompensationSystemSubInterface.csproj]
C:\Users\lijinlong\Documents\dev-projects\repos\CompensationSystemSubInterface\CompensationSystemSubInterface\WpfSalaryCondition.xaml.cs(67,13): error CS0103: 褰撳墠涓婁笅鏂囦腑涓嶅瓨鍦ㄥ悕绉扳€渢reeConditions鈥?[C:\Users\lijinlong\Documents\dev-projects\repos\CompensationSystemSubInterface\CompensationSystemSubInterface\CompensationSystemSubInterface.csproj]
C:\Users\lijinlong\Documents\dev-projects\repos\CompensationSystemSubInterface\CompensationSystemSubInterface\WpfEmployeeCondition.xaml.cs(47,13): error CS0103: 褰撳墠涓婁笅鏂囦腑涓嶅瓨鍦ㄥ悕绉扳€淚nitializeComponent鈥?[C:\Users\lijinlong\Documents\dev-projects\repos\CompensationSystemSubInterface\CompensationSystemSubInterface\CompensationSystemSubInterface.csproj]
C:\Users\lijinlong\Documents\dev-projects\repos\CompensationSystemSubInterface\CompensationSystemSubInterface\WpfEmployeeCondition.xaml.cs(57,13): error CS0103: 褰撳墠涓婁笅鏂囦腑涓嶅瓨鍦ㄥ悕绉扳€渢reeConditions鈥?[C:\Users\lijinlong\Documents\dev-projects\repos\CompensationSystemSubInterface\CompensationSystemSubInterface\CompensationSystemSubInterface.csproj]
C:\Users\lijinlong\Documents\dev-projects\repos\CompensationSystemSubInterface\CompensationSystemSubInterface\WpfEmpCg.xaml.cs(46,13): error CS0103: 褰撳墠涓婁笅鏂囦腑涓嶅瓨鍦ㄥ悕绉扳€淚nitializeComponent鈥?[C:\Users\lijinlong\Documents\dev-projects\repos\CompensationSystemSubInterface\CompensationSystemSubInterface\CompensationSystemSubInterface.csproj]
C:\Users\lijinlong\Documents\dev-projects\repos\CompensationSystemSubInterface\CompensationSystemSubInterface\WpfEmpCg.xaml.cs(50,13): error CS0103: 褰撳墠涓婁笅鏂囦腑涓嶅瓨鍦ㄥ悕绉扳€渃bChangeType鈥?[C:\Users\lijinlong\Documents\dev-projects\repos\CompensationSystemSubInterface\CompensationSystemSubInterface\CompensationSystemSubInterface.csproj]
C:\Users\lijinlong\Documents\dev-projects\repos\CompensationSystemSubInterface\CompensationSystemSubInterface\WpfEmpCg.xaml.cs(51,13): error CS0103: 褰撳墠涓婁笅鏂囦腑涓嶅瓨鍦ㄥ悕绉扳€渂tnSave鈥?[C:\Users\lijinlong\Documents\dev-projects\repos\CompensationSystemSubInterface\CompensationSystemSubInterface\CompensationSystemSubInterface.csproj]
C:\Users\lijinlong\Documents\dev-projects\repos\CompensationSystemSubInterface\CompensationSystemSubInterface\WpfEmpCg.xaml.cs(52,13): error CS0103: 褰撳墠涓婁笅鏂囦腑涓嶅瓨鍦ㄥ悕绉扳€渂tnCancel鈥?[C:\Users\lijinlong\Documents\dev-projects\repos\CompensationSystemSubInterface\CompensationSystemSubInterface\CompensationSystemSubInterface.csproj]
C:\Users\lijinlong\Documents\dev-projects\repos\CompensationSystemSubInterface\CompensationSystemSubInterface\WpfFilterPanel.xaml.cs(123,13): error CS0103: 褰撳墠涓婁笅鏂囦腑涓嶅瓨鍦ㄥ悕绉扳€渢reeMain鈥?[C:\Users\lijinlong\Documents\dev-projects\repos\CompensationSystemSubInterface\CompensationSystemSubInterface\CompensationSystemSubInterface.csproj]
C:\Users\lijinlong\Documents\dev-projects\repos\CompensationSystemSubInterface\CompensationSystemSubInterface\WpfEmpMaint.xaml.cs(71,13): error CS0103: 褰撳墠涓婁笅鏂囦腑涓嶅瓨鍦ㄥ悕绉扳€渃bGender鈥?[C:\Users\lijinlong\Documents\dev-projects\repos\CompensationSystemSubInterface\CompensationSystemSubInterface\CompensationSystemSubInterface.csproj]
C:\Users\lijinlong\Documents\dev-projects\repos\CompensationSystemSubInterface\CompensationSystemSubInterface\WpfEmpMaint.xaml.cs(76,17): error CS0103: 褰撳墠涓婁笅鏂囦腑涓嶅瓨鍦ㄥ悕绉扳€渃bSequence鈥?[C:\Users\lijinlong\Documents\dev-projects\repos\CompensationSystemSubInterface\CompensationSystemSubInterface\CompensationSystemSubInterface.csproj]
C:\Users\lijinlong\Documents\dev-projects\repos\CompensationSystemSubInterface\CompensationSystemSubInterface\WpfEmpMaint.xaml.cs(77,17): error CS0103: 褰撳墠涓婁笅鏂囦腑涓嶅瓨鍦ㄥ悕绉扳€渃bSequence鈥?[C:\Users\lijinlong\Documents\dev-projects\repos\CompensationSystemSubInterface\CompensationSystemSubInterface\CompensationSystemSubInterface.csproj]
C:\Users\lijinlong\Documents\dev-projects\repos\CompensationSystemSubInterface\CompensationSystemSubInterface\WpfEmpMaint.xaml.cs(77,56): error CS0103: 褰撳墠涓婁笅鏂囦腑涓嶅瓨鍦ㄥ悕绉扳€渃bSequence鈥?[C:\Users\lijinlong\Documents\dev-projects\repos\CompensationSystemSubInterface\CompensationSystemSubInterface\CompensationSystemSubInterface.csproj]
C:\Users\lijinlong\Documents\dev-projects\repos\CompensationSystemSubInterface\CompensationSystemSubInterface\WpfEmpMaint.xaml.cs(79,17): error CS0103: 褰撳墠涓婁笅鏂囦腑涓嶅瓨鍦ㄥ悕绉扳€渃bJob鈥?[C:\Users\lijinlong\Documents\dev-projects\repos\CompensationSystemSubInterface\CompensationSystemSubInterface\CompensationSystemSubInterface.csproj]
C:\Users\lijinlong\Documents\dev-projects\repos\CompensationSystemSubInterface\CompensationSystemSubInterface\WpfEmpMaint.xaml.cs(80,17): error CS0103: 褰撳墠涓婁笅鏂囦腑涓嶅瓨鍦ㄥ悕绉扳€渃bJob鈥?[C:\Users\lijinlong\Documents\dev-projects\repos\CompensationSystemSubInterface\CompensationSystemSubInterface\CompensationSystemSubInterface.csproj]
C:\Users\lijinlong\Documents\dev-projects\repos\CompensationSystemSubInterface\CompensationSystemSubInterface\WpfEmpMaint.xaml.cs(80,51): error CS0103: 褰撳墠涓婁笅鏂囦腑涓嶅瓨鍦ㄥ悕绉扳€渃bJob鈥?[C:\Users\lijinlong\Documents\dev-projects\repos\CompensationSystemSubInterface\CompensationSystemSubInterface\CompensationSystemSubInterface.csproj]
C:\Users\lijinlong\Documents\dev-projects\repos\CompensationSystemSubInterface\CompensationSystemSubInterface\WpfEmpMaint.xaml.cs(82,17): error CS0103: 褰撳墠涓婁笅鏂囦腑涓嶅瓨鍦ㄥ悕绉扳€渃bLevel鈥?[C:\Users\lijinlong\Documents\dev-projects\repos\CompensationSystemSubInterface\CompensationSystemSubInterface\CompensationSystemSubInterface.csproj]
C:\Users\lijinlong\Documents\dev-projects\repos\CompensationSystemSubInterface\CompensationSystemSubInterface\WpfEmpMaint.xaml.cs(83,17): error CS0103: 褰撳墠涓婁笅鏂囦腑涓嶅瓨鍦ㄥ悕绉扳€渃bLevel鈥?[C:\Users\lijinlong\Documents\dev-projects\repos\CompensationSystemSubInterface\CompensationSystemSubInterface\CompensationSystemSubInterface.csproj]
C:\Users\lijinlong\Documents\dev-projects\repos\CompensationSystemSubInterface\CompensationSystemSubInterface\WpfEmpMaint.xaml.cs(83,53): error CS0103: 褰撳墠涓婁笅鏂囦腑涓嶅瓨鍦ㄥ悕绉扳€渃bLevel鈥?[C:\Users\lijinlong\Documents\dev-projects\repos\CompensationSystemSubInterface\CompensationSystemSubInterface\CompensationSystemSubInterface.csproj]
C:\Users\lijinlong\Documents\dev-projects\repos\CompensationSystemSubInterface\CompensationSystemSubInterface\WpfEmployeeCondition.xaml.cs(90,37): error CS0103: 褰撳墠涓婁笅鏂囦腑涓嶅瓨鍦ㄥ悕绉扳€渢xtSearchEmp鈥?[C:\Users\lijinlong\Documents\dev-projects\repos\CompensationSystemSubInterface\CompensationSystemSubInterface\CompensationSystemSubInterface.csproj]
C:\Users\lijinlong\Documents\dev-projects\repos\CompensationSystemSubInterface\CompensationSystemSubInterface\WpfSalaryCondition.xaml.cs(125,37): error CS0103: 褰撳墠涓婁笅鏂囦腑涓嶅瓨鍦ㄥ悕绉扳€渢xtSearchEmp鈥?[C:\Users\lijinlong\Documents\dev-projects\repos\CompensationSystemSubInterface\CompensationSystemSubInterface\CompensationSystemSubInterface.csproj]
C:\Users\lijinlong\Documents\dev-projects\repos\CompensationSystemSubInterface\CompensationSystemSubInterface\WpfPfmcCondition.xaml.cs(44,13): error CS0103: 褰撳墠涓婁笅鏂囦腑涓嶅瓨鍦ㄥ悕绉扳€淚nitializeComponent鈥?[C:\Users\lijinlong\Documents\dev-projects\repos\CompensationSystemSubInterface\CompensationSystemSubInterface\CompensationSystemSubInterface.csproj]
C:\Users\lijinlong\Documents\dev-projects\repos\CompensationSystemSubInterface\CompensationSystemSubInterface\WpfPfmcCondition.xaml.cs(54,13): error CS0103: 褰撳墠涓婁笅鏂囦腑涓嶅瓨鍦ㄥ悕绉扳€渢reeConditions鈥?[C:\Users\lijinlong\Documents\dev-projects\repos\CompensationSystemSubInterface\CompensationSystemSubInterface\CompensationSystemSubInterface.csproj]
C:\Users\lijinlong\Documents\dev-projects\repos\CompensationSystemSubInterface\CompensationSystemSubInterface\WpfEmpCg.xaml.cs(77,13): error CS0103: 褰撳墠涓婁笅鏂囦腑涓嶅瓨鍦ㄥ悕绉扳€渃bNewDept鈥?[C:\Users\lijinlong\Documents\dev-projects\repos\CompensationSystemSubInterface\CompensationSystemSubInterface\CompensationSystemSubInterface.csproj]
C:\Users\lijinlong\Documents\dev-projects\repos\CompensationSystemSubInterface\CompensationSystemSubInterface\WpfEmpCg.xaml.cs(78,13): error CS0103: 褰撳墠涓婁笅鏂囦腑涓嶅瓨鍦ㄥ悕绉扳€渃bNewDept鈥?[C:\Users\lijinlong\Documents\dev-projects\repos\CompensationSystemSubInterface\CompensationSystemSubInterface\CompensationSystemSubInterface.csproj]
C:\Users\lijinlong\Documents\dev-projects\repos\CompensationSystemSubInterface\CompensationSystemSubInterface\WpfEmpCg.xaml.cs(79,13): error CS0103: 褰撳墠涓婁笅鏂囦腑涓嶅瓨鍦ㄥ悕绉扳€渃bNewDept鈥?[C:\Users\lijinlong\Documents\dev-projects\repos\CompensationSystemSubInterface\CompensationSystemSubInterface\CompensationSystemSubInterface.csproj]
C:\Users\lijinlong\Documents\dev-projects\repos\CompensationSystemSubInterface\CompensationSystemSubInterface\WpfEmpCg.xaml.cs(83,13): error CS0103: 褰撳墠涓婁笅鏂囦腑涓嶅瓨鍦ㄥ悕绉扳€渃bNewSeq鈥?[C:\Users\lijinlong\Documents\dev-projects\repos\CompensationSystemSubInterface\CompensationSystemSubInterface\CompensationSystemSubInterface.csproj]
C:\Users\lijinlong\Documents\dev-projects\repos\CompensationSystemSubInterface\CompensationSystemSubInterface\WpfEmpCg.xaml.cs(84,13): error CS0103: 褰撳墠涓婁笅鏂囦腑涓嶅瓨鍦ㄥ悕绉扳€渃bNewSeq鈥?[C:\Users\lijinlong\Documents\dev-projects\repos\CompensationSystemSubInterface\CompensationSystemSubInterface\CompensationSystemSubInterface.csproj]
C:\Users\lijinlong\Documents\dev-projects\repos\CompensationSystemSubInterface\CompensationSystemSubInterface\WpfEmpCg.xaml.cs(85,13): error CS0103: 褰撳墠涓婁笅鏂囦腑涓嶅瓨鍦ㄥ悕绉扳€渃bNewSeq鈥?[C:\Users\lijinlong\Documents\dev-projects\repos\CompensationSystemSubInterface\CompensationSystemSubInterface\CompensationSystemSubInterface.csproj]
C:\Users\lijinlong\Documents\dev-projects\repos\CompensationSystemSubInterface\CompensationSystemSubInterface\WpfEmpCg.xaml.cs(89,13): error CS0103: 褰撳墠涓婁笅鏂囦腑涓嶅瓨鍦ㄥ悕绉扳€渃bNewJob鈥?[C:\Users\lijinlong\Documents\dev-projects\repos\CompensationSystemSubInterface\CompensationSystemSubInterface\CompensationSystemSubInterface.csproj]
C:\Users\lijinlong\Documents\dev-projects\repos\CompensationSystemSubInterface\CompensationSystemSubInterface\WpfEmpCg.xaml.cs(90,13): error CS0103: 褰撳墠涓婁笅鏂囦腑涓嶅瓨鍦ㄥ悕绉扳€渃bNewJob鈥?[C:\Users\lijinlong\Documents\dev-projects\repos\CompensationSystemSubInterface\CompensationSystemSubInterface\CompensationSystemSubInterface.csproj]
C:\Users\lijinlong\Documents\dev-projects\repos\CompensationSystemSubInterface\CompensationSystemSubInterface\WpfEmpCg.xaml.cs(91,13): error CS0103: 褰撳墠涓婁笅鏂囦腑涓嶅瓨鍦ㄥ悕绉扳€渃bNewJob鈥?[C:\Users\lijinlong\Documents\dev-projects\repos\CompensationSystemSubInterface\CompensationSystemSubInterface\CompensationSystemSubInterface.csproj]
C:\Users\lijinlong\Documents\dev-projects\repos\CompensationSystemSubInterface\CompensationSystemSubInterface\WpfEmpCg.xaml.cs(95,13): error CS0103: 褰撳墠涓婁笅鏂囦腑涓嶅瓨鍦ㄥ悕绉扳€渃bNewLevel鈥?[C:\Users\lijinlong\Documents\dev-projects\repos\CompensationSystemSubInterface\CompensationSystemSubInterface\CompensationSystemSubInterface.csproj]
C:\Users\lijinlong\Documents\dev-projects\repos\CompensationSystemSubInterface\CompensationSystemSubInterface\WpfEmpCg.xaml.cs(96,13): error CS0103: 褰撳墠涓婁笅鏂囦腑涓嶅瓨鍦ㄥ悕绉扳€渃bNewLevel鈥?[C:\Users\lijinlong\Documents\dev-projects\repos\CompensationSystemSubInterface\CompensationSystemSubInterface\CompensationSystemSubInterface.csproj]
C:\Users\lijinlong\Documents\dev-projects\repos\CompensationSystemSubInterface\CompensationSystemSubInterface\WpfEmpCg.xaml.cs(97,13): error CS0103: 褰撳墠涓婁笅鏂囦腑涓嶅瓨鍦ㄥ悕绉扳€渃bNewLevel鈥?[C:\Users\lijinlong\Documents\dev-projects\repos\CompensationSystemSubInterface\CompensationSystemSubInterface\CompensationSystemSubInterface.csproj]
C:\Users\lijinlong\Documents\dev-projects\repos\CompensationSystemSubInterface\CompensationSystemSubInterface\WpfPfmcCondition.xaml.cs(87,37): error CS0103: 褰撳墠涓婁笅鏂囦腑涓嶅瓨鍦ㄥ悕绉扳€渢xtSearchEmp鈥?[C:\Users\lijinlong\Documents\dev-projects\repos\CompensationSystemSubInterface\CompensationSystemSubInterface\CompensationSystemSubInterface.csproj]
C:\Users\lijinlong\Documents\dev-projects\repos\CompensationSystemSubInterface\CompensationSystemSubInterface\WpfEmpMaint.xaml.cs(101,17): error CS0103: 褰撳墠涓婁笅鏂囦腑涓嶅瓨鍦ㄥ悕绉扳€渢xtEmpNo鈥?[C:\Users\lijinlong\Documents\dev-projects\repos\CompensationSystemSubInterface\CompensationSystemSubInterface\CompensationSystemSubInterface.csproj]
C:\Users\lijinlong\Documents\dev-projects\repos\CompensationSystemSubInterface\CompensationSystemSubInterface\WpfEmpMaint.xaml.cs(102,17): error CS0103: 褰撳墠涓婁笅鏂囦腑涓嶅瓨鍦ㄥ悕绉扳€渢xtNameHeader鈥?[C:\Users\lijinlong\Documents\dev-projects\repos\CompensationSystemSubInterface\CompensationSystemSubInterface\CompensationSystemSubInterface.csproj]
C:\Users\lijinlong\Documents\dev-projects\repos\CompensationSystemSubInterface\CompensationSystemSubInterface\WpfEmpMaint.xaml.cs(103,17): error CS0103: 褰撳墠涓婁笅鏂囦腑涓嶅瓨鍦ㄥ悕绉扳€渢xtDeptHeader鈥?[C:\Users\lijinlong\Documents\dev-projects\repos\CompensationSystemSubInterface\CompensationSystemSubInterface\CompensationSystemSubInterface.csproj]
C:\Users\lijinlong\Documents\dev-projects\repos\CompensationSystemSubInterface\CompensationSystemSubInterface\WpfEmpMaint.xaml.cs(106,17): error CS0103: 褰撳墠涓婁笅鏂囦腑涓嶅瓨鍦ㄥ悕绉扳€渃bGender鈥?[C:\Users\lijinlong\Documents\dev-projects\repos\CompensationSystemSubInterface\CompensationSystemSubInterface\CompensationSystemSubInterface.csproj]
C:\Users\lijinlong\Documents\dev-projects\repos\CompensationSystemSubInterface\CompensationSystemSubInterface\WpfEmpMaint.xaml.cs(108,17): error CS0103: 褰撳墠涓婁笅鏂囦腑涓嶅瓨鍦ㄥ悕绉扳€渢xtNation鈥?[C:\Users\lijinlong\Documents\dev-projects\repos\CompensationSystemSubInterface\CompensationSystemSubInterface\CompensationSystemSubInterface.csproj]
C:\Users\lijinlong\Documents\dev-projects\repos\CompensationSystemSubInterface\CompensationSystemSubInterface\WpfEmpMaint.xaml.cs(109,17): error CS0103: 褰撳墠涓婁笅鏂囦腑涓嶅瓨鍦ㄥ悕绉扳€渢xtPolitic鈥?[C:\Users\lijinlong\Documents\dev-projects\repos\CompensationSystemSubInterface\CompensationSystemSubInterface\CompensationSystemSubInterface.csproj]
C:\Users\lijinlong\Documents\dev-projects\repos\CompensationSystemSubInterface\CompensationSystemSubInterface\WpfEmpMaint.xaml.cs(110,17): error CS0103: 褰撳墠涓婁笅鏂囦腑涓嶅瓨鍦ㄥ悕绉扳€渢xtMarital鈥?[C:\Users\lijinlong\Documents\dev-projects\repos\CompensationSystemSubInterface\CompensationSystemSubInterface\CompensationSystemSubInterface.csproj]
C:\Users\lijinlong\Documents\dev-projects\repos\CompensationSystemSubInterface\CompensationSystemSubInterface\WpfEmpMaint.xaml.cs(111,17): error CS0103: 褰撳墠涓婁笅鏂囦腑涓嶅瓨鍦ㄥ悕绉扳€渢xtZodiac鈥?[C:\Users\lijinlong\Documents\dev-projects\repos\CompensationSystemSubInterface\CompensationSystemSubInterface\CompensationSystemSubInterface.csproj]
C:\Users\lijinlong\Documents\dev-projects\repos\CompensationSystemSubInterface\CompensationSystemSubInterface\WpfEmpMaint.xaml.cs(112,17): error CS0103: 褰撳墠涓婁笅鏂囦腑涓嶅瓨鍦ㄥ悕绉扳€渢xtAge鈥?[C:\Users\lijinlong\Documents\dev-projects\repos\CompensationSystemSubInterface\CompensationSystemSubInterface\CompensationSystemSubInterface.csproj]
C:\Users\lijinlong\Documents\dev-projects\repos\CompensationSystemSubInterface\CompensationSystemSubInterface\WpfEmpMaint.xaml.cs(113,17): error CS0103: 褰撳墠涓婁笅鏂囦腑涓嶅瓨鍦ㄥ悕绉扳€渄pBirthday鈥?[C:\Users\lijinlong\Documents\dev-projects\repos\CompensationSystemSubInterface\CompensationSystemSubInterface\CompensationSystemSubInterface.csproj]
C:\Users\lijinlong\Documents\dev-projects\repos\CompensationSystemSubInterface\CompensationSystemSubInterface\WpfEmpMaint.xaml.cs(114,17): error CS0103: 褰撳墠涓婁笅鏂囦腑涓嶅瓨鍦ㄥ悕绉扳€渢xtIdCard鈥?[C:\Users\lijinlong\Documents\dev-projects\repos\CompensationSystemSubInterface\CompensationSystemSubInterface\CompensationSystemSubInterface.csproj]
C:\Users\lijinlong\Documents\dev-projects\repos\CompensationSystemSubInterface\CompensationSystemSubInterface\WpfEmpMaint.xaml.cs(115,17): error CS0103: 褰撳墠涓婁笅鏂囦腑涓嶅瓨鍦ㄥ悕绉扳€渄pIdStart鈥?[C:\Users\lijinlong\Documents\dev-projects\repos\CompensationSystemSubInterface\CompensationSystemSubInterface\CompensationSystemSubInterface.csproj]
C:\Users\lijinlong\Documents\dev-projects\repos\CompensationSystemSubInterface\CompensationSystemSubInterface\WpfEmpMaint.xaml.cs(116,17): error CS0103: 褰撳墠涓婁笅鏂囦腑涓嶅瓨鍦ㄥ悕绉扳€渄pIdEnd鈥?[C:\Users\lijinlong\Documents\dev-projects\repos\CompensationSystemSubInterface\CompensationSystemSubInterface\CompensationSystemSubInterface.csproj]
C:\Users\lijinlong\Documents\dev-projects\repos\CompensationSystemSubInterface\CompensationSystemSubInterface\WpfEmpMaint.xaml.cs(119,17): error CS0103: 褰撳墠涓婁笅鏂囦腑涓嶅瓨鍦ㄥ悕绉扳€渃bSequence鈥?[C:\Users\lijinlong\Documents\dev-projects\repos\CompensationSystemSubInterface\CompensationSystemSubInterface\CompensationSystemSubInterface.csproj]
C:\Users\lijinlong\Documents\dev-projects\repos\CompensationSystemSubInterface\CompensationSystemSubInterface\WpfEmpMaint.xaml.cs(120,17): error CS0103: 褰撳墠涓婁笅鏂囦腑涓嶅瓨鍦ㄥ悕绉扳€渃bJob鈥?[C:\Users\lijinlong\Documents\dev-projects\repos\CompensationSystemSubInterface\CompensationSystemSubInterface\CompensationSystemSubInterface.csproj]
C:\Users\lijinlong\Documents\dev-projects\repos\CompensationSystemSubInterface\CompensationSystemSubInterface\WpfEmpMaint.xaml.cs(121,17): error CS0103: 褰撳墠涓婁笅鏂囦腑涓嶅瓨鍦ㄥ悕绉扳€渃bLevel鈥?[C:\Users\lijinlong\Documents\dev-projects\repos\CompensationSystemSubInterface\CompensationSystemSubInterface\CompensationSystemSubInterface.csproj]
C:\Users\lijinlong\Documents\dev-projects\repos\CompensationSystemSubInterface\CompensationSystemSubInterface\WpfEmpMaint.xaml.cs(123,17): error CS0103: 褰撳墠涓婁笅鏂囦腑涓嶅瓨鍦ㄥ悕绉扳€渢xtPersonType鈥?[C:\Users\lijinlong\Documents\dev-projects\repos\CompensationSystemSubInterface\CompensationSystemSubInterface\CompensationSystemSubInterface.csproj]
C:\Users\lijinlong\Documents\dev-projects\repos\CompensationSystemSubInterface\CompensationSystemSubInterface\WpfEmpMaint.xaml.cs(125,17): error CS0103: 褰撳墠涓婁笅鏂囦腑涓嶅瓨鍦ㄥ悕绉扳€渄pWorkStart鈥?[C:\Users\lijinlong\Documents\dev-projects\repos\CompensationSystemSubInterface\CompensationSystemSubInterface\CompensationSystemSubInterface.csproj]
C:\Users\lijinlong\Documents\dev-projects\repos\CompensationSystemSubInterface\CompensationSystemSubInterface\WpfEmpMaint.xaml.cs(126,17): error CS0103: 褰撳墠涓婁笅鏂囦腑涓嶅瓨鍦ㄥ悕绉扳€渄pJoinDate鈥?[C:\Users\lijinlong\Documents\dev-projects\repos\CompensationSystemSubInterface\CompensationSystemSubInterface\CompensationSystemSubInterface.csproj]
C:\Users\lijinlong\Documents\dev-projects\repos\CompensationSystemSubInterface\CompensationSystemSubInterface\WpfEmpMaint.xaml.cs(127,17): error CS0103: 褰撳墠涓婁笅鏂囦腑涓嶅瓨鍦ㄥ悕绉扳€渄pPostDate鈥?[C:\Users\lijinlong\Documents\dev-projects\repos\CompensationSystemSubInterface\CompensationSystemSubInterface\CompensationSystemSubInterface.csproj]
C:\Users\lijinlong\Documents\dev-projects\repos\CompensationSystemSubInterface\CompensationSystemSubInterface\WpfEmpMaint.xaml.cs(128,17): error CS0103: 褰撳墠涓婁笅鏂囦腑涓嶅瓨鍦ㄥ悕绉扳€渄pResignDate鈥?[C:\Users\lijinlong\Documents\dev-projects\repos\CompensationSystemSubInterface\CompensationSystemSubInterface\CompensationSystemSubInterface.csproj]
C:\Users\lijinlong\Documents\dev-projects\repos\CompensationSystemSubInterface\CompensationSystemSubInterface\WpfEmpMaint.xaml.cs(131,17): error CS0103: 褰撳墠涓婁笅鏂囦腑涓嶅瓨鍦ㄥ悕绉扳€渢xtEducation鈥?[C:\Users\lijinlong\Documents\dev-projects\repos\CompensationSystemSubInterface\CompensationSystemSubInterface\CompensationSystemSubInterface.csproj]
C:\Users\lijinlong\Documents\dev-projects\repos\CompensationSystemSubInterface\CompensationSystemSubInterface\WpfEmpMaint.xaml.cs(132,17): error CS0103: 褰撳墠涓婁笅鏂囦腑涓嶅瓨鍦ㄥ悕绉扳€渢xtDegree鈥?[C:\Users\lijinlong\Documents\dev-projects\repos\CompensationSystemSubInterface\CompensationSystemSubInterface\CompensationSystemSubInterface.csproj]
C:\Users\lijinlong\Documents\dev-projects\repos\CompensationSystemSubInterface\CompensationSystemSubInterface\WpfEmpMaint.xaml.cs(133,17): error CS0103: 褰撳墠涓婁笅鏂囦腑涓嶅瓨鍦ㄥ悕绉扳€渢xtTech鈥?[C:\Users\lijinlong\Documents\dev-projects\repos\CompensationSystemSubInterface\CompensationSystemSubInterface\CompensationSystemSubInterface.csproj]
C:\Users\lijinlong\Documents\dev-projects\repos\CompensationSystemSubInterface\CompensationSystemSubInterface\WpfEmpMaint.xaml.cs(134,17): error CS0103: 褰撳墠涓婁笅鏂囦腑涓嶅瓨鍦ㄥ悕绉扳€渢xtTitleLevel鈥?[C:\Users\lijinlong\Documents\dev-projects\repos\CompensationSystemSubInterface\CompensationSystemSubInterface\CompensationSystemSubInterface.csproj]
C:\Users\lijinlong\Documents\dev-projects\repos\CompensationSystemSubInterface\CompensationSystemSubInterface\WpfEmpMaint.xaml.cs(135,17): error CS0103: 褰撳墠涓婁笅鏂囦腑涓嶅瓨鍦ㄥ悕绉扳€渄pTitleDate鈥?[C:\Users\lijinlong\Documents\dev-projects\repos\CompensationSystemSubInterface\CompensationSystemSubInterface\CompensationSystemSubInterface.csproj]
C:\Users\lijinlong\Documents\dev-projects\repos\CompensationSystemSubInterface\CompensationSystemSubInterface\WpfEmpMaint.xaml.cs(136,17): error CS0103: 褰撳墠涓婁笅鏂囦腑涓嶅瓨鍦ㄥ悕绉扳€渢xtSkill鈥?[C:\Users\lijinlong\Documents\dev-projects\repos\CompensationSystemSubInterface\CompensationSystemSubInterface\CompensationSystemSubInterface.csproj]
C:\Users\lijinlong\Documents\dev-projects\repos\CompensationSystemSubInterface\CompensationSystemSubInterface\WpfEmpMaint.xaml.cs(137,17): error CS0103: 褰撳墠涓婁笅鏂囦腑涓嶅瓨鍦ㄥ悕绉扳€渄pSkillDate鈥?[C:\Users\lijinlong\Documents\dev-projects\repos\CompensationSystemSubInterface\CompensationSystemSubInterface\CompensationSystemSubInterface.csproj]
C:\Users\lijinlong\Documents\dev-projects\repos\CompensationSystemSubInterface\CompensationSystemSubInterface\WpfEmpMaint.xaml.cs(140,17): error CS0103: 褰撳墠涓婁笅鏂囦腑涓嶅瓨鍦ㄥ悕绉扳€渢xtPhone鈥?[C:\Users\lijinlong\Documents\dev-projects\repos\CompensationSystemSubInterface\CompensationSystemSubInterface\CompensationSystemSubInterface.csproj]
C:\Users\lijinlong\Documents\dev-projects\repos\CompensationSystemSubInterface\CompensationSystemSubInterface\WpfEmpMaint.xaml.cs(141,17): error CS0103: 褰撳墠涓婁笅鏂囦腑涓嶅瓨鍦ㄥ悕绉扳€渢xtBankCard鈥?[C:\Users\lijinlong\Documents\dev-projects\repos\CompensationSystemSubInterface\CompensationSystemSubInterface\CompensationSystemSubInterface.csproj]
C:\Users\lijinlong\Documents\dev-projects\repos\CompensationSystemSubInterface\CompensationSystemSubInterface\WpfEmpMaint.xaml.cs(142,17): error CS0103: 褰撳墠涓婁笅鏂囦腑涓嶅瓨鍦ㄥ悕绉扳€渢xtHujiAddr鈥?[C:\Users\lijinlong\Documents\dev-projects\repos\CompensationSystemSubInterface\CompensationSystemSubInterface\CompensationSystemSubInterface.csproj]
C:\Users\lijinlong\Documents\dev-projects\repos\CompensationSystemSubInterface\CompensationSystemSubInterface\WpfEmpMaint.xaml.cs(143,17): error CS0103: 褰撳墠涓婁笅鏂囦腑涓嶅瓨鍦ㄥ悕绉扳€渢xtCurrentAddr鈥?[C:\Users\lijinlong\Documents\dev-projects\repos\CompensationSystemSubInterface\CompensationSystemSubInterface\CompensationSystemSubInterface.csproj]
C:\Users\lijinlong\Documents\dev-projects\repos\CompensationSystemSubInterface\CompensationSystemSubInterface\WpfEmpCg.xaml.cs(114,13): error CS0103: 褰撳墠涓婁笅鏂囦腑涓嶅瓨鍦ㄥ悕绉扳€渢xtEmpNo鈥?[C:\Users\lijinlong\Documents\dev-projects\repos\CompensationSystemSubInterface\CompensationSystemSubInterface\CompensationSystemSubInterface.csproj]
C:\Users\lijinlong\Documents\dev-projects\repos\CompensationSystemSubInterface\CompensationSystemSubInterface\WpfEmpCg.xaml.cs(115,13): error CS0103: 褰撳墠涓婁笅鏂囦腑涓嶅瓨鍦ㄥ悕绉扳€渢xtName鈥?[C:\Users\lijinlong\Documents\dev-projects\repos\CompensationSystemSubInterface\CompensationSystemSubInterface\CompensationSystemSubInterface.csproj]
C:\Users\lijinlong\Documents\dev-projects\repos\CompensationSystemSubInterface\CompensationSystemSubInterface\WpfEmpCg.xaml.cs(117,13): error CS0103: 褰撳墠涓婁笅鏂囦腑涓嶅瓨鍦ㄥ悕绉扳€渢xtOldDept鈥?[C:\Users\lijinlong\Documents\dev-projects\repos\CompensationSystemSubInterface\CompensationSystemSubInterface\CompensationSystemSubInterface.csproj]
C:\Users\lijinlong\Documents\dev-projects\repos\CompensationSystemSubInterface\CompensationSystemSubInterface\WpfEmpCg.xaml.cs(118,13): error CS0103: 褰撳墠涓婁笅鏂囦腑涓嶅瓨鍦ㄥ悕绉扳€渢xtOldSeq鈥?[C:\Users\lijinlong\Documents\dev-projects\repos\CompensationSystemSubInterface\CompensationSystemSubInterface\CompensationSystemSubInterface.csproj]
C:\Users\lijinlong\Documents\dev-projects\repos\CompensationSystemSubInterface\CompensationSystemSubInterface\WpfEmpCg.xaml.cs(119,13): error CS0103: 褰撳墠涓婁笅鏂囦腑涓嶅瓨鍦ㄥ悕绉扳€渢xtOldJob鈥?[C:\Users\lijinlong\Documents\dev-projects\repos\CompensationSystemSubInterface\CompensationSystemSubInterface\CompensationSystemSubInterface.csproj]
C:\Users\lijinlong\Documents\dev-projects\repos\CompensationSystemSubInterface\CompensationSystemSubInterface\WpfEmpCg.xaml.cs(120,13): error CS0103: 褰撳墠涓婁笅鏂囦腑涓嶅瓨鍦ㄥ悕绉扳€渢xtOldLevel鈥?[C:\Users\lijinlong\Documents\dev-projects\repos\CompensationSystemSubInterface\CompensationSystemSubInterface\CompensationSystemSubInterface.csproj]
C:\Users\lijinlong\Documents\dev-projects\repos\CompensationSystemSubInterface\CompensationSystemSubInterface\WpfEmpCg.xaml.cs(125,43): error CS0103: 褰撳墠涓婁笅鏂囦腑涓嶅瓨鍦ㄥ悕绉扳€渃bNewDept鈥?[C:\Users\lijinlong\Documents\dev-projects\repos\CompensationSystemSubInterface\CompensationSystemSubInterface\CompensationSystemSubInterface.csproj]
C:\Users\lijinlong\Documents\dev-projects\repos\CompensationSystemSubInterface\CompensationSystemSubInterface\WpfEmpCg.xaml.cs(126,42): error CS0103: 褰撳墠涓婁笅鏂囦腑涓嶅瓨鍦ㄥ悕绉扳€渃bNewSeq鈥?[C:\Users\lijinlong\Documents\dev-projects\repos\CompensationSystemSubInterface\CompensationSystemSubInterface\CompensationSystemSubInterface.csproj]
C:\Users\lijinlong\Documents\dev-projects\repos\CompensationSystemSubInterface\CompensationSystemSubInterface\WpfEmpCg.xaml.cs(127,42): error CS0103: 褰撳墠涓婁笅鏂囦腑涓嶅瓨鍦ㄥ悕绉扳€渃bNewJob鈥?[C:\Users\lijinlong\Documents\dev-projects\repos\CompensationSystemSubInterface\CompensationSystemSubInterface\CompensationSystemSubInterface.csproj]
C:\Users\lijinlong\Documents\dev-projects\repos\CompensationSystemSubInterface\CompensationSystemSubInterface\WpfEmpCg.xaml.cs(128,44): error CS0103: 褰撳墠涓婁笅鏂囦腑涓嶅瓨鍦ㄥ悕绉扳€渃bNewLevel鈥?[C:\Users\lijinlong\Documents\dev-projects\repos\CompensationSystemSubInterface\CompensationSystemSubInterface\CompensationSystemSubInterface.csproj]
C:\Users\lijinlong\Documents\dev-projects\repos\CompensationSystemSubInterface\CompensationSystemSubInterface\WpfEmpCg.xaml.cs(131,13): error CS0103: 褰撳墠涓婁笅鏂囦腑涓嶅瓨鍦ㄥ悕绉扳€渄pChangeTime鈥?[C:\Users\lijinlong\Documents\dev-projects\repos\CompensationSystemSubInterface\CompensationSystemSubInterface\CompensationSystemSubInterface.csproj]
C:\Users\lijinlong\Documents\dev-projects\repos\CompensationSystemSubInterface\CompensationSystemSubInterface\WpfEmpCg.xaml.cs(132,13): error CS0103: 褰撳墠涓婁笅鏂囦腑涓嶅瓨鍦ㄥ悕绉扳€渄pWageStart鈥?[C:\Users\lijinlong\Documents\dev-projects\repos\CompensationSystemSubInterface\CompensationSystemSubInterface\CompensationSystemSubInterface.csproj]
C:\Users\lijinlong\Documents\dev-projects\repos\CompensationSystemSubInterface\CompensationSystemSubInterface\WpfEmpMaint.xaml.cs(159,28): error CS0103: 褰撳墠涓婁笅鏂囦腑涓嶅瓨鍦ㄥ悕绉扳€渢xtNameHeader鈥?[C:\Users\lijinlong\Documents\dev-projects\repos\CompensationSystemSubInterface\CompensationSystemSubInterface\CompensationSystemSubInterface.csproj]
C:\Users\lijinlong\Documents\dev-projects\repos\CompensationSystemSubInterface\CompensationSystemSubInterface\WpfEmpMaint.xaml.cs(162,30): error CS0103: 褰撳墠涓婁笅鏂囦腑涓嶅瓨鍦ㄥ悕绉扳€渃bGender鈥?[C:\Users\lijinlong\Documents\dev-projects\repos\CompensationSystemSubInterface\CompensationSystemSubInterface\CompensationSystemSubInterface.csproj]
C:\Users\lijinlong\Documents\dev-projects\repos\CompensationSystemSubInterface\CompensationSystemSubInterface\WpfEmpMaint.xaml.cs(163,30): error CS0103: 褰撳墠涓婁笅鏂囦腑涓嶅瓨鍦ㄥ悕绉扳€渢xtNation鈥?[C:\Users\lijinlong\Documents\dev-projects\repos\CompensationSystemSubInterface\CompensationSystemSubInterface\CompensationSystemSubInterface.csproj]
C:\Users\lijinlong\Documents\dev-projects\repos\CompensationSystemSubInterface\CompensationSystemSubInterface\WpfEmpMaint.xaml.cs(164,31): error CS0103: 褰撳墠涓婁笅鏂囦腑涓嶅瓨鍦ㄥ悕绉扳€渢xtPolitic鈥?[C:\Users\lijinlong\Documents\dev-projects\repos\CompensationSystemSubInterface\CompensationSystemSubInterface\CompensationSystemSubInterface.csproj]
C:\Users\lijinlong\Documents\dev-projects\repos\CompensationSystemSubInterface\CompensationSystemSubInterface\WpfEmpMaint.xaml.cs(165,31): error CS0103: 褰撳墠涓婁笅鏂囦腑涓嶅瓨鍦ㄥ悕绉扳€渢xtMarital鈥?[C:\Users\lijinlong\Documents\dev-projects\repos\CompensationSystemSubInterface\CompensationSystemSubInterface\CompensationSystemSubInterface.csproj]
C:\Users\lijinlong\Documents\dev-projects\repos\CompensationSystemSubInterface\CompensationSystemSubInterface\WpfEmpMaint.xaml.cs(166,30): error CS0103: 褰撳墠涓婁笅鏂囦腑涓嶅瓨鍦ㄥ悕绉扳€渢xtZodiac鈥?[C:\Users\lijinlong\Documents\dev-projects\repos\CompensationSystemSubInterface\CompensationSystemSubInterface\CompensationSystemSubInterface.csproj]
C:\Users\lijinlong\Documents\dev-projects\repos\CompensationSystemSubInterface\CompensationSystemSubInterface\WpfEmpMaint.xaml.cs(168,40): error CS0103: 褰撳墠涓婁笅鏂囦腑涓嶅瓨鍦ㄥ悕绉扳€渢xtAge鈥?[C:\Users\lijinlong\Documents\dev-projects\repos\CompensationSystemSubInterface\CompensationSystemSubInterface\CompensationSystemSubInterface.csproj]
C:\Users\lijinlong\Documents\dev-projects\repos\CompensationSystemSubInterface\CompensationSystemSubInterface\WpfEmpMaint.xaml.cs(169,32): error CS0103: 褰撳墠涓婁笅鏂囦腑涓嶅瓨鍦ㄥ悕绉扳€渄pBirthday鈥?[C:\Users\lijinlong\Documents\dev-projects\repos\CompensationSystemSubInterface\CompensationSystemSubInterface\CompensationSystemSubInterface.csproj]
C:\Users\lijinlong\Documents\dev-projects\repos\CompensationSystemSubInterface\CompensationSystemSubInterface\WpfEmpMaint.xaml.cs(172,31): error CS0103: 褰撳墠涓婁笅鏂囦腑涓嶅瓨鍦ㄥ悕绉扳€渄pIdStart鈥?[C:\Users\lijinlong\Documents\dev-projects\repos\CompensationSystemSubInterface\CompensationSystemSubInterface\CompensationSystemSubInterface.csproj]
C:\Users\lijinlong\Documents\dev-projects\repos\CompensationSystemSubInterface\CompensationSystemSubInterface\WpfEmpMaint.xaml.cs(173,29): error CS0103: 褰撳墠涓婁笅鏂囦腑涓嶅瓨鍦ㄥ悕绉扳€渄pIdEnd鈥?[C:\Users\lijinlong\Documents\dev-projects\repos\CompensationSystemSubInterface\CompensationSystemSubInterface\CompensationSystemSubInterface.csproj]
C:\Users\lijinlong\Documents\dev-projects\repos\CompensationSystemSubInterface\CompensationSystemSubInterface\WpfEmpMaint.xaml.cs(176,30): error CS0103: 褰撳墠涓婁笅鏂囦腑涓嶅瓨鍦ㄥ悕绉扳€渢xtIdCard鈥?[C:\Users\lijinlong\Documents\dev-projects\repos\CompensationSystemSubInterface\CompensationSystemSubInterface\CompensationSystemSubInterface.csproj]
C:\Users\lijinlong\Documents\dev-projects\repos\CompensationSystemSubInterface\CompensationSystemSubInterface\WpfEmpMaint.xaml.cs(177,32): error CS0103: 褰撳墠涓婁笅鏂囦腑涓嶅瓨鍦ㄥ悕绉扳€渢xtBankCard鈥?[C:\Users\lijinlong\Documents\dev-projects\repos\CompensationSystemSubInterface\CompensationSystemSubInterface\CompensationSystemSubInterface.csproj]
C:\Users\lijinlong\Documents\dev-projects\repos\CompensationSystemSubInterface\CompensationSystemSubInterface\WpfEmpMaint.xaml.cs(180,29): error CS0103: 褰撳墠涓婁笅鏂囦腑涓嶅瓨鍦ㄥ悕绉扳€渢xtPhone鈥?[C:\Users\lijinlong\Documents\dev-projects\repos\CompensationSystemSubInterface\CompensationSystemSubInterface\CompensationSystemSubInterface.csproj]
C:\Users\lijinlong\Documents\dev-projects\repos\CompensationSystemSubInterface\CompensationSystemSubInterface\WpfEmpMaint.xaml.cs(181,32): error CS0103: 褰撳墠涓婁笅鏂囦腑涓嶅瓨鍦ㄥ悕绉扳€渢xtHujiAddr鈥?[C:\Users\lijinlong\Documents\dev-projects\repos\CompensationSystemSubInterface\CompensationSystemSubInterface\CompensationSystemSubInterface.csproj]
C:\Users\lijinlong\Documents\dev-projects\repos\CompensationSystemSubInterface\CompensationSystemSubInterface\WpfEmpMaint.xaml.cs(182,35): error CS0103: 褰撳墠涓婁笅鏂囦腑涓嶅瓨鍦ㄥ悕绉扳€渢xtCurrentAddr鈥?[C:\Users\lijinlong\Documents\dev-projects\repos\CompensationSystemSubInterface\CompensationSystemSubInterface\CompensationSystemSubInterface.csproj]
C:\Users\lijinlong\Documents\dev-projects\repos\CompensationSystemSubInterface\CompensationSystemSubInterface\WpfEmpMaint.xaml.cs(185,34): error CS0103: 褰撳墠涓婁笅鏂囦腑涓嶅瓨鍦ㄥ悕绉扳€渢xtPersonType鈥?[C:\Users\lijinlong\Documents\dev-projects\repos\CompensationSystemSubInterface\CompensationSystemSubInterface\CompensationSystemSubInterface.csproj]
C:\Users\lijinlong\Documents\dev-projects\repos\CompensationSystemSubInterface\CompensationSystemSubInterface\WpfEmpMaint.xaml.cs(186,33): error CS0103: 褰撳墠涓婁笅鏂囦腑涓嶅瓨鍦ㄥ悕绉扳€渄pWorkStart鈥?[C:\Users\lijinlong\Documents\dev-projects\repos\CompensationSystemSubInterface\CompensationSystemSubInterface\CompensationSystemSubInterface.csproj]
C:\Users\lijinlong\Documents\dev-projects\repos\CompensationSystemSubInterface\CompensationSystemSubInterface\WpfEmpMaint.xaml.cs(187,32): error CS0103: 褰撳墠涓婁笅鏂囦腑涓嶅瓨鍦ㄥ悕绉扳€渄pJoinDate鈥?[C:\Users\lijinlong\Documents\dev-projects\repos\CompensationSystemSubInterface\CompensationSystemSubInterface\CompensationSystemSubInterface.csproj]
C:\Users\lijinlong\Documents\dev-projects\repos\CompensationSystemSubInterface\CompensationSystemSubInterface\WpfEmpMaint.xaml.cs(188,32): error CS0103: 褰撳墠涓婁笅鏂囦腑涓嶅瓨鍦ㄥ悕绉扳€渄pPostDate鈥?[C:\Users\lijinlong\Documents\dev-projects\repos\CompensationSystemSubInterface\CompensationSystemSubInterface\CompensationSystemSubInterface.csproj]
C:\Users\lijinlong\Documents\dev-projects\repos\CompensationSystemSubInterface\CompensationSystemSubInterface\WpfEmpMaint.xaml.cs(192,33): error CS0103: 褰撳墠涓婁笅鏂囦腑涓嶅瓨鍦ㄥ悕绉扳€渢xtEducation鈥?[C:\Users\lijinlong\Documents\dev-projects\repos\CompensationSystemSubInterface\CompensationSystemSubInterface\CompensationSystemSubInterface.csproj]
C:\Users\lijinlong\Documents\dev-projects\repos\CompensationSystemSubInterface\CompensationSystemSubInterface\WpfEmpMaint.xaml.cs(193,30): error CS0103: 褰撳墠涓婁笅鏂囦腑涓嶅瓨鍦ㄥ悕绉扳€渢xtDegree鈥?[C:\Users\lijinlong\Documents\dev-projects\repos\CompensationSystemSubInterface\CompensationSystemSubInterface\CompensationSystemSubInterface.csproj]
C:\Users\lijinlong\Documents\dev-projects\repos\CompensationSystemSubInterface\CompensationSystemSubInterface\WpfEmpMaint.xaml.cs(194,37): error CS0103: 褰撳墠涓婁笅鏂囦腑涓嶅瓨鍦ㄥ悕绉扳€渢xtTech鈥?[C:\Users\lijinlong\Documents\dev-projects\repos\CompensationSystemSubInterface\CompensationSystemSubInterface\CompensationSystemSubInterface.csproj]
C:\Users\lijinlong\Documents\dev-projects\repos\CompensationSystemSubInterface\CompensationSystemSubInterface\WpfEmpMaint.xaml.cs(195,34): error CS0103: 褰撳墠涓婁笅鏂囦腑涓嶅瓨鍦ㄥ悕绉扳€渢xtTitleLevel鈥?[C:\Users\lijinlong\Documents\dev-projects\repos\CompensationSystemSubInterface\CompensationSystemSubInterface\CompensationSystemSubInterface.csproj]
C:\Users\lijinlong\Documents\dev-projects\repos\CompensationSystemSubInterface\CompensationSystemSubInterface\WpfEmpMaint.xaml.cs(196,33): error CS0103: 褰撳墠涓婁笅鏂囦腑涓嶅瓨鍦ㄥ悕绉扳€渄pTitleDate鈥?[C:\Users\lijinlong\Documents\dev-projects\repos\CompensationSystemSubInterface\CompensationSystemSubInterface\CompensationSystemSubInterface.csproj]
C:\Users\lijinlong\Documents\dev-projects\repos\CompensationSystemSubInterface\CompensationSystemSubInterface\WpfEmpMaint.xaml.cs(197,29): error CS0103: 褰撳墠涓婁笅鏂囦腑涓嶅瓨鍦ㄥ悕绉扳€渢xtSkill鈥?[C:\Users\lijinlong\Documents\dev-projects\repos\CompensationSystemSubInterface\CompensationSystemSubInterface\CompensationSystemSubInterface.csproj]
C:\Users\lijinlong\Documents\dev-projects\repos\CompensationSystemSubInterface\CompensationSystemSubInterface\WpfEmpMaint.xaml.cs(198,33): error CS0103: 褰撳墠涓婁笅鏂囦腑涓嶅瓨鍦ㄥ悕绉扳€渄pSkillDate鈥?[C:\Users\lijinlong\Documents\dev-projects\repos\CompensationSystemSubInterface\CompensationSystemSubInterface\CompensationSystemSubInterface.csproj]
C:\Users\lijinlong\Documents\dev-projects\repos\CompensationSystemSubInterface\CompensationSystemSubInterface\WpfSalaryCondition.xaml.cs(350,27): error CS0103: 褰撳墠涓婁笅鏂囦腑涓嶅瓨鍦ㄥ悕绉扳€渢xtSearchItem鈥?[C:\Users\lijinlong\Documents\dev-projects\repos\CompensationSystemSubInterface\CompensationSystemSubInterface\CompensationSystemSubInterface.csproj]
C:\Users\lijinlong\Documents\dev-projects\repos\CompensationSystemSubInterface\CompensationSystemSubInterface\WpfEmpCg.xaml.cs(140,19): error CS0103: 褰撳墠涓婁笅鏂囦腑涓嶅瓨鍦ㄥ悕绉扳€渃bChangeType鈥?[C:\Users\lijinlong\Documents\dev-projects\repos\CompensationSystemSubInterface\CompensationSystemSubInterface\CompensationSystemSubInterface.csproj]
C:\Users\lijinlong\Documents\dev-projects\repos\CompensationSystemSubInterface\CompensationSystemSubInterface\WpfEmpCg.xaml.cs(145,17): error CS0103: 褰撳墠涓婁笅鏂囦腑涓嶅瓨鍦ㄥ悕绉扳€渄pWageEnd鈥?[C:\Users\lijinlong\Documents\dev-projects\repos\CompensationSystemSubInterface\CompensationSystemSubInterface\CompensationSystemSubInterface.csproj]
C:\Users\lijinlong\Documents\dev-projects\repos\CompensationSystemSubInterface\CompensationSystemSubInterface\WpfEmpCg.xaml.cs(146,17): error CS0103: 褰撳墠涓婁笅鏂囦腑涓嶅瓨鍦ㄥ悕绉扳€渄pWageEnd鈥?[C:\Users\lijinlong\Documents\dev-projects\repos\CompensationSystemSubInterface\CompensationSystemSubInterface\CompensationSystemSubInterface.csproj]
C:\Users\lijinlong\Documents\dev-projects\repos\CompensationSystemSubInterface\CompensationSystemSubInterface\WpfEmpCg.xaml.cs(148,17): error CS0103: 褰撳墠涓婁笅鏂囦腑涓嶅瓨鍦ㄥ悕绉扳€渄pWageStart鈥?[C:\Users\lijinlong\Documents\dev-projects\repos\CompensationSystemSubInterface\CompensationSystemSubInterface\CompensationSystemSubInterface.csproj]
C:\Users\lijinlong\Documents\dev-projects\repos\CompensationSystemSubInterface\CompensationSystemSubInterface\WpfEmpCg.xaml.cs(149,17): error CS0103: 褰撳墠涓婁笅鏂囦腑涓嶅瓨鍦ㄥ悕绉扳€渄pWageStart鈥?[C:\Users\lijinlong\Documents\dev-projects\repos\CompensationSystemSubInterface\CompensationSystemSubInterface\CompensationSystemSubInterface.csproj]
C:\Users\lijinlong\Documents\dev-projects\repos\CompensationSystemSubInterface\CompensationSystemSubInterface\WpfEmpCg.xaml.cs(156,17): error CS0103: 褰撳墠涓婁笅鏂囦腑涓嶅瓨鍦ㄥ悕绉扳€渄pWageEnd鈥?[C:\Users\lijinlong\Documents\dev-projects\repos\CompensationSystemSubInterface\CompensationSystemSubInterface\CompensationSystemSubInterface.csproj]
C:\Users\lijinlong\Documents\dev-projects\repos\CompensationSystemSubInterface\CompensationSystemSubInterface\WpfEmpCg.xaml.cs(157,17): error CS0103: 褰撳墠涓婁笅鏂囦腑涓嶅瓨鍦ㄥ悕绉扳€渄pWageEnd鈥?[C:\Users\lijinlong\Documents\dev-projects\repos\CompensationSystemSubInterface\CompensationSystemSubInterface\CompensationSystemSubInterface.csproj]
C:\Users\lijinlong\Documents\dev-projects\repos\CompensationSystemSubInterface\CompensationSystemSubInterface\WpfEmpCg.xaml.cs(158,17): error CS0103: 褰撳墠涓婁笅鏂囦腑涓嶅瓨鍦ㄥ悕绉扳€渄pWageEnd鈥?[C:\Users\lijinlong\Documents\dev-projects\repos\CompensationSystemSubInterface\CompensationSystemSubInterface\CompensationSystemSubInterface.csproj]
C:\Users\lijinlong\Documents\dev-projects\repos\CompensationSystemSubInterface\CompensationSystemSubInterface\WpfEmpCg.xaml.cs(160,17): error CS0103: 褰撳墠涓婁笅鏂囦腑涓嶅瓨鍦ㄥ悕绉扳€渄pWageStart鈥?[C:\Users\lijinlong\Documents\dev-projects\repos\CompensationSystemSubInterface\CompensationSystemSubInterface\CompensationSystemSubInterface.csproj]
C:\Users\lijinlong\Documents\dev-projects\repos\CompensationSystemSubInterface\CompensationSystemSubInterface\WpfEmpCg.xaml.cs(161,21): error CS0103: 褰撳墠涓婁笅鏂囦腑涓嶅瓨鍦ㄥ悕绉扳€渄pWageStart鈥?[C:\Users\lijinlong\Documents\dev-projects\repos\CompensationSystemSubInterface\CompensationSystemSubInterface\CompensationSystemSubInterface.csproj]
C:\Users\lijinlong\Documents\dev-projects\repos\CompensationSystemSubInterface\CompensationSystemSubInterface\WpfEmpCg.xaml.cs(161,55): error CS0103: 褰撳墠涓婁笅鏂囦腑涓嶅瓨鍦ㄥ悕绉扳€渄pWageStart鈥?[C:\Users\lijinlong\Documents\dev-projects\repos\CompensationSystemSubInterface\CompensationSystemSubInterface\CompensationSystemSubInterface.csproj]
C:\Users\lijinlong\Documents\dev-projects\repos\CompensationSystemSubInterface\CompensationSystemSubInterface\WpfEmpCg.xaml.cs(173,13): error CS0103: 褰撳墠涓婁笅鏂囦腑涓嶅瓨鍦ㄥ悕绉扳€渃bNewDept鈥?[C:\Users\lijinlong\Documents\dev-projects\repos\CompensationSystemSubInterface\CompensationSystemSubInterface\CompensationSystemSubInterface.csproj]
C:\Users\lijinlong\Documents\dev-projects\repos\CompensationSystemSubInterface\CompensationSystemSubInterface\WpfEmpCg.xaml.cs(174,13): error CS0103: 褰撳墠涓婁笅鏂囦腑涓嶅瓨鍦ㄥ悕绉扳€渃bNewSeq鈥?[C:\Users\lijinlong\Documents\dev-projects\repos\CompensationSystemSubInterface\CompensationSystemSubInterface\CompensationSystemSubInterface.csproj]
C:\Users\lijinlong\Documents\dev-projects\repos\CompensationSystemSubInterface\CompensationSystemSubInterface\WpfEmpCg.xaml.cs(175,13): error CS0103: 褰撳墠涓婁笅鏂囦腑涓嶅瓨鍦ㄥ悕绉扳€渃bNewJob鈥?[C:\Users\lijinlong\Documents\dev-projects\repos\CompensationSystemSubInterface\CompensationSystemSubInterface\CompensationSystemSubInterface.csproj]
C:\Users\lijinlong\Documents\dev-projects\repos\CompensationSystemSubInterface\CompensationSystemSubInterface\WpfEmpCg.xaml.cs(176,13): error CS0103: 褰撳墠涓婁笅鏂囦腑涓嶅瓨鍦ㄥ悕绉扳€渃bNewLevel鈥?[C:\Users\lijinlong\Documents\dev-projects\repos\CompensationSystemSubInterface\CompensationSystemSubInterface\CompensationSystemSubInterface.csproj]
C:\Users\lijinlong\Documents\dev-projects\repos\CompensationSystemSubInterface\CompensationSystemSubInterface\WpfEmpCg.xaml.cs(185,17): error CS0103: 褰撳墠涓婁笅鏂囦腑涓嶅瓨鍦ㄥ悕绉扳€渃bChangeType鈥?[C:\Users\lijinlong\Documents\dev-projects\repos\CompensationSystemSubInterface\CompensationSystemSubInterface\CompensationSystemSubInterface.csproj]
C:\Users\lijinlong\Documents\dev-projects\repos\CompensationSystemSubInterface\CompensationSystemSubInterface\WpfEmpCg.xaml.cs(190,34): error CS0103: 褰撳墠涓婁笅鏂囦腑涓嶅瓨鍦ㄥ悕绉扳€渃bChangeType鈥?[C:\Users\lijinlong\Documents\dev-projects\repos\CompensationSystemSubInterface\CompensationSystemSubInterface\CompensationSystemSubInterface.csproj]
C:\Users\lijinlong\Documents\dev-projects\repos\CompensationSystemSubInterface\CompensationSystemSubInterface\WpfEmpCg.xaml.cs(191,35): error CS0103: 褰撳墠涓婁笅鏂囦腑涓嶅瓨鍦ㄥ悕绉扳€渄pChangeTime鈥?[C:\Users\lijinlong\Documents\dev-projects\repos\CompensationSystemSubInterface\CompensationSystemSubInterface\CompensationSystemSubInterface.csproj]
C:\Users\lijinlong\Documents\dev-projects\repos\CompensationSystemSubInterface\CompensationSystemSubInterface\WpfEmpCg.xaml.cs(195,21): error CS0103: 褰撳墠涓婁笅鏂囦腑涓嶅瓨鍦ㄥ悕绉扳€渄pWageEnd鈥?[C:\Users\lijinlong\Documents\dev-projects\repos\CompensationSystemSubInterface\CompensationSystemSubInterface\CompensationSystemSubInterface.csproj]
C:\Users\lijinlong\Documents\dev-projects\repos\CompensationSystemSubInterface\CompensationSystemSubInterface\WpfEmpCg.xaml.cs(200,21): error CS0103: 褰撳墠涓婁笅鏂囦腑涓嶅瓨鍦ㄥ悕绉扳€渄pWageStart鈥?[C:\Users\lijinlong\Documents\dev-projects\repos\CompensationSystemSubInterface\CompensationSystemSubInterface\CompensationSystemSubInterface.csproj]
C:\Users\lijinlong\Documents\dev-projects\repos\CompensationSystemSubInterface\CompensationSystemSubInterface\WpfEmpCg.xaml.cs(204,21): error CS0103: 褰撳墠涓婁笅鏂囦腑涓嶅瓨鍦ㄥ悕绉扳€渃bNewDept鈥?[C:\Users\lijinlong\Documents\dev-projects\repos\CompensationSystemSubInterface\CompensationSystemSubInterface\CompensationSystemSubInterface.csproj]
C:\Users\lijinlong\Documents\dev-projects\repos\CompensationSystemSubInterface\CompensationSystemSubInterface\WpfEmpCg.xaml.cs(212,32): error CS0103: 褰撳墠涓婁笅鏂囦腑涓嶅瓨鍦ㄥ悕绉扳€渃bNewDept鈥?[C:\Users\lijinlong\Documents\dev-projects\repos\CompensationSystemSubInterface\CompensationSystemSubInterface\CompensationSystemSubInterface.csproj]
C:\Users\lijinlong\Documents\dev-projects\repos\CompensationSystemSubInterface\CompensationSystemSubInterface\WpfEmpCg.xaml.cs(213,32): error CS0103: 褰撳墠涓婁笅鏂囦腑涓嶅瓨鍦ㄥ悕绉扳€渃bNewSeq鈥?[C:\Users\lijinlong\Documents\dev-projects\repos\CompensationSystemSubInterface\CompensationSystemSubInterface\CompensationSystemSubInterface.csproj]
C:\Users\lijinlong\Documents\dev-projects\repos\CompensationSystemSubInterface\CompensationSystemSubInterface\WpfEmpCg.xaml.cs(214,32): error CS0103: 褰撳墠涓婁笅鏂囦腑涓嶅瓨鍦ㄥ悕绉扳€渃bNewJob鈥?[C:\Users\lijinlong\Documents\dev-projects\repos\CompensationSystemSubInterface\CompensationSystemSubInterface\CompensationSystemSubInterface.csproj]
C:\Users\lijinlong\Documents\dev-projects\repos\CompensationSystemSubInterface\CompensationSystemSubInterface\WpfEmpCg.xaml.cs(215,32): error CS0103: 褰撳墠涓婁笅鏂囦腑涓嶅瓨鍦ㄥ悕绉扳€渃bNewLevel鈥?[C:\Users\lijinlong\Documents\dev-projects\repos\CompensationSystemSubInterface\CompensationSystemSubInterface\CompensationSystemSubInterface.csproj]
C:\Users\lijinlong\Documents\dev-projects\repos\CompensationSystemSubInterface\CompensationSystemSubInterface\WpfEmpCg.xaml.cs(218,37): error CS0103: 褰撳墠涓婁笅鏂囦腑涓嶅瓨鍦ㄥ悕绉扳€渃bNewDept鈥?[C:\Users\lijinlong\Documents\dev-projects\repos\CompensationSystemSubInterface\CompensationSystemSubInterface\CompensationSystemSubInterface.csproj]
C:\Users\lijinlong\Documents\dev-projects\repos\CompensationSystemSubInterface\CompensationSystemSubInterface\WpfEmpCg.xaml.cs(219,37): error CS0103: 褰撳墠涓婁笅鏂囦腑涓嶅瓨鍦ㄥ悕绉扳€渃bNewSeq鈥?[C:\Users\lijinlong\Documents\dev-projects\repos\CompensationSystemSubInterface\CompensationSystemSubInterface\CompensationSystemSubInterface.csproj]
C:\Users\lijinlong\Documents\dev-projects\repos\CompensationSystemSubInterface\CompensationSystemSubInterface\WpfEmpCg.xaml.cs(220,37): error CS0103: 褰撳墠涓婁笅鏂囦腑涓嶅瓨鍦ㄥ悕绉扳€渃bNewJob鈥?[C:\Users\lijinlong\Documents\dev-projects\repos\CompensationSystemSubInterface\CompensationSystemSubInterface\CompensationSystemSubInterface.csproj]
C:\Users\lijinlong\Documents\dev-projects\repos\CompensationSystemSubInterface\CompensationSystemSubInterface\WpfEmpCg.xaml.cs(221,37): error CS0103: 褰撳墠涓婁笅鏂囦腑涓嶅瓨鍦ㄥ悕绉扳€渃bNewLevel鈥?[C:\Users\lijinlong\Documents\dev-projects\repos\CompensationSystemSubInterface\CompensationSystemSubInterface\CompensationSystemSubInterface.csproj]
C:\Users\lijinlong\Documents\dev-projects\repos\CompensationSystemSubInterface\CompensationSystemSubInterface\WpfEmpCg.xaml.cs(241,21): error CS0103: 褰撳墠涓婁笅鏂囦腑涓嶅瓨鍦ㄥ悕绉扳€渄pWageStart鈥?[C:\Users\lijinlong\Documents\dev-projects\repos\CompensationSystemSubInterface\CompensationSystemSubInterface\CompensationSystemSubInterface.csproj]
C:\Users\lijinlong\Documents\dev-projects\repos\CompensationSystemSubInterface\CompensationSystemSubInterface\WpfEmpCg.xaml.cs(242,21): error CS0103: 褰撳墠涓婁笅鏂囦腑涓嶅瓨鍦ㄥ悕绉扳€渄pWageEnd鈥?[C:\Users\lijinlong\Documents\dev-projects\repos\CompensationSystemSubInterface\CompensationSystemSubInterface\CompensationSystemSubInterface.csproj]
    2 涓鍛?
    140 涓敊璇?

宸茬敤鏃堕棿 00:00:00.75
